Component: Arm Compiler for Embedded 6.21 Tool: armlink [5ec1fa00]

==============================================================================

Section Cross References

    startup_stm32f401xe.o(STACK) refers (Special) to heapauxi.o(.text) for __use_two_region_memory
    startup_stm32f401xe.o(HEAP) refers (Special) to heapauxi.o(.text) for __use_two_region_memory
    startup_stm32f401xe.o(RESET) refers (Special) to heapauxi.o(.text) for __use_two_region_memory
    startup_stm32f401xe.o(RESET) refers to startup_stm32f401xe.o(STACK) for __initial_sp
    startup_stm32f401xe.o(RESET) refers to startup_stm32f401xe.o(.text) for Reset_Handler
    startup_stm32f401xe.o(RESET) refers to stm32f4xx_it.o(.text.NMI_Handler) for NMI_Handler
    startup_stm32f401xe.o(RESET) refers to stm32f4xx_it.o(.text.HardFault_Handler) for HardFault_Handler
    startup_stm32f401xe.o(RESET) refers to stm32f4xx_it.o(.text.MemManage_Handler) for MemManage_Handler
    startup_stm32f401xe.o(RESET) refers to stm32f4xx_it.o(.text.BusFault_Handler) for BusFault_Handler
    startup_stm32f401xe.o(RESET) refers to stm32f4xx_it.o(.text.UsageFault_Handler) for UsageFault_Handler
    startup_stm32f401xe.o(RESET) refers to stm32f4xx_it.o(.text.SVC_Handler) for SVC_Handler
    startup_stm32f401xe.o(RESET) refers to stm32f4xx_it.o(.text.DebugMon_Handler) for DebugMon_Handler
    startup_stm32f401xe.o(RESET) refers to stm32f4xx_it.o(.text.PendSV_Handler) for PendSV_Handler
    startup_stm32f401xe.o(RESET) refers to stm32f4xx_it.o(.text.SysTick_Handler) for SysTick_Handler
    startup_stm32f401xe.o(RESET) refers to stm32f4xx_it.o(.text.I2C1_EV_IRQHandler) for I2C1_EV_IRQHandler
    startup_stm32f401xe.o(RESET) refers to stm32f4xx_it.o(.text.I2C1_ER_IRQHandler) for I2C1_ER_IRQHandler
    startup_stm32f401xe.o(RESET) refers to stm32f4xx_it.o(.text.USART1_IRQHandler) for USART1_IRQHandler
    startup_stm32f401xe.o(.text) refers (Special) to heapauxi.o(.text) for __use_two_region_memory
    startup_stm32f401xe.o(.text) refers to system_stm32f4xx.o(.text.SystemInit) for SystemInit
    startup_stm32f401xe.o(.text) refers to __main.o(!!!main) for __main
    startup_stm32f401xe.o(.text) refers to startup_stm32f401xe.o(HEAP) for Heap_Mem
    startup_stm32f401xe.o(.text) refers to startup_stm32f401xe.o(STACK) for Stack_Mem
    main.o(.text) refers (Special) to _printf_percent.o(.ARM.Collect$$_printf_percent$$00000000) for _printf_percent
    main.o(.text) refers (Special) to _printf_s.o(.ARM.Collect$$_printf_percent$$00000014) for _printf_s
    main.o(.text) refers (Special) to _printf_u.o(.ARM.Collect$$_printf_percent$$0000000A) for _printf_u
    main.o(.text) refers (Special) to _printf_f.o(.ARM.Collect$$_printf_percent$$00000003) for _printf_f
    main.o(.text) refers (Special) to _printf_dec.o(.text) for _printf_int_dec
    main.o(.text) refers (Special) to printf1.o(x$fpl$printf1) for _printf_fp_dec
    main.o(.text) refers (Special) to _printf_str.o(.text) for _printf_str
    main.o(.text.main) refers (Special) to _printf_percent.o(.ARM.Collect$$_printf_percent$$00000000) for _printf_percent
    main.o(.text.main) refers (Special) to _printf_s.o(.ARM.Collect$$_printf_percent$$00000014) for _printf_s
    main.o(.text.main) refers (Special) to _printf_u.o(.ARM.Collect$$_printf_percent$$0000000A) for _printf_u
    main.o(.text.main) refers (Special) to _printf_f.o(.ARM.Collect$$_printf_percent$$00000003) for _printf_f
    main.o(.text.main) refers (Special) to _printf_dec.o(.text) for _printf_int_dec
    main.o(.text.main) refers (Special) to printf1.o(x$fpl$printf1) for _printf_fp_dec
    main.o(.text.main) refers (Special) to _printf_str.o(.text) for _printf_str
    main.o(.text.main) refers to stm32f4xx_hal.o(.text.HAL_Init) for HAL_Init
    main.o(.text.main) refers to rt_memclr_w.o(.text) for __aeabi_memclr4
    main.o(.text.main) refers to stm32f4xx_hal_rcc.o(.text.HAL_RCC_OscConfig) for HAL_RCC_OscConfig
    main.o(.text.main) refers to stm32f4xx_hal_rcc.o(.text.HAL_RCC_ClockConfig) for HAL_RCC_ClockConfig
    main.o(.text.main) refers to stm32f4xx_hal_gpio.o(.text.HAL_GPIO_WritePin) for HAL_GPIO_WritePin
    main.o(.text.main) refers to stm32f4xx_hal_gpio.o(.text.HAL_GPIO_Init) for HAL_GPIO_Init
    main.o(.text.main) refers to main.o(.bss.hadc1) for hadc1
    main.o(.text.main) refers to stm32f4xx_hal_adc.o(.text.HAL_ADC_Init) for HAL_ADC_Init
    main.o(.text.main) refers to stm32f4xx_hal_adc.o(.text.HAL_ADC_ConfigChannel) for HAL_ADC_ConfigChannel
    main.o(.text.main) refers to main.o(.bss.hi2c1) for hi2c1
    main.o(.text.main) refers to stm32f4xx_hal_i2c.o(.text.HAL_I2C_Init) for HAL_I2C_Init
    main.o(.text.main) refers to main.o(.bss.huart1) for huart1
    main.o(.text.main) refers to stm32f4xx_hal_uart.o(.text.HAL_UART_Init) for HAL_UART_Init
    main.o(.text.main) refers to stm32f4xx_hal_i2c.o(.text.HAL_I2C_Master_Transmit) for HAL_I2C_Master_Transmit
    main.o(.text.main) refers to noretval__2snprintf.o(.text) for __2snprintf
[...]
    stm32f4xx_hal_tim.c                      0x00000000   Number         0  stm32f4xx_hal_tim.o ABSOLUTE
    stm32f4xx_hal_tim_ex.c                   0x00000000   Number         0  stm32f4xx_hal_tim_ex.o ABSOLUTE
    stm32f4xx_hal_uart.c                     0x00000000   Number         0  stm32f4xx_hal_uart.o ABSOLUTE
    stm32f4xx_it.c                           0x00000000   Number         0  stm32f4xx_it.o ABSOLUTE
    stm32f4xx_ll_adc.c                       0x00000000   Number         0  stm32f4xx_ll_adc.o ABSOLUTE
    system_stm32f4xx.c                       0x00000000   Number         0  system_stm32f4xx.o ABSOLUTE
    RESET                                    0x08000000   Section      404  startup_stm32f401xe.o(RESET)
    !!!main                                  0x08000194   Section        8  __main.o(!!!main)
    !!!scatter                               0x0800019c   Section       92  __scatter.o(!!!scatter)
    !!handler_copy                           0x080001f8   Section       26  __scatter_copy.o(!!handler_copy)
    !!handler_null                           0x08000214   Section        2  __scatter.o(!!handler_null)
    !!handler_zi                             0x08000218   Section       28  __scatter_zi.o(!!handler_zi)
    .ARM.Collect$$_printf_percent$$00000000  0x08000234   Section        0  _printf_percent.o(.ARM.Collect$$_printf_percent$$00000000)
    .ARM.Collect$$_printf_percent$$00000003  0x08000234   Section        6  _printf_f.o(.ARM.Collect$$_printf_percent$$00000003)
    .ARM.Collect$$_printf_percent$$0000000A  0x0800023a   Section        6  _printf_u.o(.ARM.Collect$$_printf_percent$$0000000A)
    .ARM.Collect$$_printf_percent$$00000014  0x08000240   Section        6  _printf_s.o(.ARM.Collect$$_printf_percent$$00000014)
    .ARM.Collect$$_printf_percent$$00000017  0x08000246   Section        4  _printf_percent_end.o(.ARM.Collect$$_printf_percent$$00000017)
    .ARM.Collect$$libinit$$00000000          0x0800024a   Section        2  libinit.o(.ARM.Collect$$libinit$$00000000)
    .ARM.Collect$$libinit$$00000001          0x0800024c   Section        4  libinit2.o(.ARM.Collect$$libinit$$00000001)
    .ARM.Collect$$libinit$$00000004          0x08000250   Section        0  libinit2.o(.ARM.Collect$$libinit$$00000004)
    .ARM.Collect$$libinit$$00000006          0x08000250   Section        0  libinit2.o(.ARM.Collect$$libinit$$00000006)
    .ARM.Collect$$libinit$$0000000C          0x08000250   Section        0  libinit2.o(.ARM.Collect$$libinit$$0000000C)
    .ARM.Collect$$libinit$$0000000E          0x08000250   Section        0  libinit2.o(.ARM.Collect$$libinit$$0000000E)
    .ARM.Collect$$libinit$$00000010          0x08000250   Section        0  libinit2.o(.ARM.Collect$$libinit$$00000010)
    .ARM.Collect$$libinit$$00000011          0x08000250   Section        6  libinit2.o(.ARM.Collect$$libinit$$00000011)
    .ARM.Collect$$libinit$$00000013          0x08000256   Section        0  libinit2.o(.ARM.Collect$$libinit$$00000013)
    .ARM.Collect$$libinit$$00000015          0x08000256   Section        0  libinit2.o(.ARM.Collect$$libinit$$00000015)
    .ARM.Collect$$libinit$$00000017          0x08000256   Section        0  libinit2.o(.ARM.Collect$$libinit$$00000017)
    .ARM.Collect$$libinit$$00000018          0x08000256   Section       10  libinit2.o(.ARM.Collect$$libinit$$00000018)
    .ARM.Collect$$libinit$$00000019          0x08000260   Section        0  libinit2.o(.ARM.Collect$$libinit$$00000019)
    .ARM.Collect$$libinit$$0000001B          0x08000260   Section        0  libinit2.o(.ARM.Collect$$libinit$$0000001B)
    .ARM.Collect$$libinit$$0000001D          0x08000260   Section        0  libinit2.o(.ARM.Collect$$libinit$$0000001D)
    .ARM.Collect$$libinit$$0000001F          0x08000260   Section        0  libinit2.o(.ARM.Collect$$libinit$$0000001F)
    .ARM.Collect$$libinit$$00000021          0x08000260   Section        0  libinit2.o(.ARM.Collect$$libinit$$00000021)
    .ARM.Collect$$libinit$$00000023          0x08000260   Section        0  libinit2.o(.ARM.Collect$$libinit$$00000023)
    .ARM.Collect$$libinit$$00000025          0x08000260   Section        0  libinit2.o(.ARM.Collect$$libinit$$00000025)
    .ARM.Collect$$libinit$$00000027          0x08000260   Section        0  libinit2.o(.ARM.Collect$$libinit$$00000027)
    .ARM.Collect$$libinit$$0000002E          0x08000260   Section        0  libinit2.o(.ARM.Collect$$libinit$$0000002E)
    .ARM.Collect$$libinit$$00000030          0x08000260   Section        0  libinit2.o(.ARM.Collect$$libinit$$00000030)
    .ARM.Collect$$libinit$$00000032          0x08000260   Section        0  libinit2.o(.ARM.Collect$$libinit$$00000032)
    .ARM.Collect$$libinit$$00000034          0x08000260   Section        0  libinit2.o(.ARM.Collect$$libinit$$00000034)
    .ARM.Collect$$libinit$$00000035          0x08000260   Section        2  libinit2.o(.ARM.Collect$$libinit$$00000035)
    .ARM.Collect$$libshutdown$$00000000      0x08000262   Section        2  libshutdown.o(.ARM.Collect$$libshutdown$$00000000)
    .ARM.Collect$$libshutdown$$00000002      0x08000264   Section        0  libshutdown2.o(.ARM.Collect$$libshutdown$$00000002)
    .ARM.Collect$$libshutdown$$00000004      0x08000264   Section        0  libshutdown2.o(.ARM.Collect$$libshutdown$$00000004)
    .ARM.Collect$$libshutdown$$00000007      0x08000264   Section        0  libshutdown2.o(.ARM.Collect$$libshutdown$$00000007)
    .ARM.Collect$$libshutdown$$0000000A      0x08000264   Section        0  libshutdown2.o(.ARM.Collect$$libshutdown$$0000000A)
    .ARM.Collect$$libshutdown$$0000000C      0x08000264   Section        0  libshutdown2.o(.ARM.Collect$$libshutdown$$0000000C)
    .ARM.Collect$$libshutdown$$0000000F      0x08000264   Section        0  libshutdown2.o(.ARM.Collect$$libshutdown$$0000000F)
    .ARM.Collect$$libshutdown$$00000010      0x08000264   Section        2  libshutdown2.o(.ARM.Collect$$libshutdown$$00000010)
    .ARM.Collect$$rtentry$$00000000          0x08000266   Section        0  __rtentry.o(.ARM.Collect$$rtentry$$00000000)
    .ARM.Collect$$rtentry$$00000002          0x08000266   Section        0  __rtentry2.o(.ARM.Collect$$rtentry$$00000002)
    .ARM.Collect$$rtentry$$00000004          0x08000266   Section        6  __rtentry4.o(.ARM.Collect$$rtentry$$00000004)
    .ARM.Collect$$rtentry$$00000009          0x0800026c   Section        0  __rtentry2.o(.ARM.Collect$$rtentry$$00000009)
    .ARM.Collect$$rtentry$$0000000A          0x0800026c   Section        4  __rtentry2.o(.ARM.Collect$$rtentry$$0000000A)
    .ARM.Collect$$rtentry$$0000000C          0x08000270   Section        0  __rtentry2.o(.ARM.Collect$$rtentry$$0000000C)
    .ARM.Collect$$rtentry$$0000000D          0x08000270   Section        8  __rtentry2.o(.ARM.Collect$$rtentry$$0000000D)
    .ARM.Collect$$rtexit$$00000000           0x08000278   Section        2  rtexit.o(.ARM.Collect$$rtexit$$00000000)
    .ARM.Collect$$rtexit$$00000002           0x0800027a   Section        0  rtexit2.o(.ARM.Collect$$rtexit$$00000002)
    .ARM.Collect$$rtexit$$00000003           0x0800027a   Section        4  rtexit2.o(.ARM.Collect$$rtexit$$00000003)
    .ARM.Collect$$rtexit$$00000004           0x0800027e   Section        6  rtexit2.o(.ARM.Collect$$rtexit$$00000004)
    $v0                                      0x08000284   Number         0  startup_stm32f401xe.o(.text)
    .text                                    0x08000284   Section       64  startup_stm32f401xe.o(.text)
    .text                                    0x080002c4   Section      240  lludivv7m.o(.text)
    .text                                    0x080003b4   Section        0  noretval__2snprintf.o(.text)
    .text                                    0x080003f4   Section        0  _printf_str.o(.text)
    .text                                    0x08000448   Section        0  _printf_dec.o(.text)
    .text                                    0x080004c0   Section        0  __printf_wp.o(.text)
    .text                                    0x080005ce   Section        0  strlen.o(.text)
    .text                                    0x0800060c   Section       78  rt_memclr_w.o(.text)
    .text                                    0x0800065a   Section        0  heapauxi.o(.text)
    .text                                    0x08000660   Section        0  _printf_intcommon.o(.text)
    _fp_digits                               0x08000713   Thumb Code   432  _printf_fp_dec.o(.text)
    .text                                    0x08000712   Section        0  _printf_fp_dec.o(.text)
    _printf_input_char                       0x08000b31   Thumb Code    10  _printf_char_common.o(.text)
    .text                                    0x08000b30   Section        0  _printf_char_common.o(.text)
    .text                                    0x08000b60   Section        0  _snputc.o(.text)
    .text                                    0x08000b70   Section        0  _printf_char.o(.text)
    .text                                    0x08000b9c   Section        8  rt_locale_intlibspace.o(.text)
    .text                                    0x08000ba4   Section      138  lludiv10.o(.text)
    .text                                    0x08000c30   Section        0  _printf_fp_infnan.o(.text)
    .text                                    0x08000cb0   Section        0  bigflt0.o(.text)
    .text                                    0x08000d94   Section        8  libspace.o(.text)
    .text                                    0x08000d9c   Section       74  sys_stackheap_outer.o(.text)
    .text                                    0x08000de6   Section        0  exit.o(.text)
    .text                                    0x08000df8   Section      124  strcmpv7em.o(.text)
    .text                                    0x08000e74   Section        0  sys_exit.o(.text)
    .text                                    0x08000e80   Section        2  use_no_semi.o(.text)
    .text                                    0x08000e82   Section        0  indicate_semi.o(.text)
    [Anonymous Symbol]                       0x08000e84   Section        0  stm32f4xx_it.o(.text.BusFault_Handler)
    [Anonymous Symbol]                       0x08000e88   Section        0  stm32f4xx_it.o(.text.DebugMon_Handler)
    [Anonymous Symbol]                       0x08000e8c   Section        0  stm32f4xx_hal_adc.o(.text.HAL_ADC_ConfigChannel)
    [Anonymous Symbol]                       0x08000fd4   Section        0  stm32f4xx_hal_adc.o(.text.HAL_ADC_GetValue)
    [Anonymous Symbol]                       0x08000fdc   Section        0  stm32f4xx_hal_adc.o(.text.HAL_ADC_Init)
    [Anonymous Symbol]                       0x0800113c   Section        0  stm32f4xx_hal_msp.o(.text.HAL_ADC_MspInit)
    [Anonymous Symbol]                       0x080011a0   Section        0  stm32f4xx_hal_adc.o(.text.HAL_ADC_PollForConversion)
    [Anonymous Symbol]                       0x080012a0   Section        0  stm32f4xx_hal_adc.o(.text.HAL_ADC_Start)
    [Anonymous Symbol]                       0x080013b0   Section        0  stm32f4xx_hal_adc.o(.text.HAL_ADC_Stop)
    [Anonymous Symbol]                       0x080013e4   Section        0  stm32f4xx_hal_dma.o(.text.HAL_DMA_Abort)
    [Anonymous Symbol]                       0x08001474   Section        0  stm32f4xx_hal_dma.o(.text.HAL_DMA_Abort_IT)
    [Anonymous Symbol]                       0x08001498   Section        0  stm32f4xx_hal_dma.o(.text.HAL_DMA_GetState)
    [Anonymous Symbol]                       0x080014a0   Section        0  stm32f4xx_hal.o(.text.HAL_Delay)
    [Anonymous Symbol]                       0x080014c8   Section        0  stm32f4xx_hal_gpio.o(.text.HAL_GPIO_Init)
    [Anonymous Symbol]                       0x08001668   Section        0  stm32f4xx_hal_gpio.o(.text.HAL_GPIO_WritePin)
    [Anonymous Symbol]                       0x08001674   Section        0  stm32f4xx_hal.o(.text.HAL_GetTick)
    [Anonymous Symbol]                       0x08001680   Section        0  stm32f4xx_hal_i2c.o(.text.HAL_I2C_AbortCpltCallback)
    [Anonymous Symbol]                       0x08001684   Section        0  stm32f4xx_hal_i2c.o(.text.HAL_I2C_AddrCallback)
    [Anonymous Symbol]                       0x08001688   Section        0  stm32f4xx_hal_i2c.o(.text.HAL_I2C_ER_IRQHandler)
    [Anonymous Symbol]                       0x080017d8   Section        0  stm32f4xx_hal_i2c.o(.text.HAL_I2C_EV_IRQHandler)
    [Anonymous Symbol]                       0x08001dc4   Section        0  stm32f4xx_hal_i2c.o(.text.HAL_I2C_ErrorCallback)
    [Anonymous Symbol]                       0x08001dc8   Section        0  stm32f4xx_hal_i2c.o(.text.HAL_I2C_Init)
    [Anonymous Symbol]                       0x08001f2c   Section        0  stm32f4xx_hal_i2c.o(.text.HAL_I2C_ListenCpltCallback)
    [Anonymous Symbol]                       0x08001f30   Section        0  stm32f4xx_hal_i2c.o(.text.HAL_I2C_MasterRxCpltCallback)
    [Anonymous Symbol]                       0x08001f34   Section        0  stm32f4xx_hal_i2c.o(.text.HAL_I2C_MasterTxCpltCallback)
    [Anonymous Symbol]                       0x08001f38   Section        0  stm32f4xx_hal_i2c.o(.text.HAL_I2C_Master_Transmit)
    [Anonymous Symbol]                       0x08002114   Section        0  stm32f4xx_hal_i2c.o(.text.HAL_I2C_MemRxCpltCallback)
    [Anonymous Symbol]                       0x08002118   Section        0  stm32f4xx_hal_i2c.o(.text.HAL_I2C_MemTxCpltCallback)
    [Anonymous Symbol]                       0x0800211c   Section        0  stm32f4xx_hal_i2c.o(.text.HAL_I2C_Mem_Read)
    [Anonymous Symbol]                       0x08002374   Section        0  stm32f4xx_hal_msp.o(.text.HAL_I2C_MspInit)
    [Anonymous Symbol]                       0x08002400   Section        0  stm32f4xx_hal_i2c.o(.text.HAL_I2C_SlaveRxCpltCallback)
    [Anonymous Symbol]                       0x08002404   Section        0  stm32f4xx_hal_i2c.o(.text.HAL_I2C_SlaveTxCpltCallback)
    [Anonymous Symbol]                       0x08002408   Section        0  stm32f4xx_hal.o(.text.HAL_IncTick)
    [Anonymous Symbol]                       0x08002424   Section        0  stm32f4xx_hal.o(.text.HAL_Init)
    [Anonymous Symbol]                       0x0800245c   Section        0  stm32f4xx_hal.o(.text.HAL_InitTick)
    [Anonymous Symbol]                       0x080024a4   Section        0  stm32f4xx_hal_msp.o(.text.HAL_MspInit)
    [Anonymous Symbol]                       0x080024dc   Section        0  stm32f4xx_hal_cortex.o(.text.HAL_NVIC_EnableIRQ)
    [Anonymous Symbol]                       0x08002500   Section        0  stm32f4xx_hal_cortex.o(.text.HAL_NVIC_SetPriority)
    [Anonymous Symbol]                       0x08002558   Section        0  stm32f4xx_hal_cortex.o(.text.HAL_NVIC_SetPriorityGrouping)
    [Anonymous Symbol]                       0x08002578   Section        0  stm32f4xx_hal_rcc.o(.text.HAL_RCC_ClockConfig)
    [Anonymous Symbol]                       0x080026dc   Section        0  stm32f4xx_hal_rcc.o(.text.HAL_RCC_GetPCLK1Freq)
    [Anonymous Symbol]                       0x08002704   Section        0  stm32f4xx_hal_rcc.o(.text.HAL_RCC_GetPCLK2Freq)
    [Anonymous Symbol]                       0x0800272c   Section        0  stm32f4xx_hal_rcc.o(.text.HAL_RCC_GetSysClockFreq)
    [Anonymous Symbol]                       0x08002798   Section        0  stm32f4xx_hal_rcc.o(.text.HAL_RCC_OscConfig)
    [Anonymous Symbol]                       0x08002b48   Section        0  stm32f4xx_hal_cortex.o(.text.HAL_SYSTICK_Config)
    [Anonymous Symbol]                       0x08002b74   Section        0  stm32f4xx_hal_uart.o(.text.HAL_UARTEx_RxEventCallback)
    [Anonymous Symbol]                       0x08002b78   Section        0  stm32f4xx_hal_uart.o(.text.HAL_UART_ErrorCallback)
    [Anonymous Symbol]                       0x08002b7c   Section        0  stm32f4xx_hal_uart.o(.text.HAL_UART_IRQHandler)
    [Anonymous Symbol]                       0x080030ec   Section        0  stm32f4xx_hal_uart.o(.text.HAL_UART_Init)
    [Anonymous Symbol]                       0x0800314c   Section        0  stm32f4xx_hal_msp.o(.text.HAL_UART_MspInit)
    [Anonymous Symbol]                       0x080031c8   Section        0  stm32f4xx_hal_uart.o(.text.HAL_UART_RxCpltCallback)
    [Anonymous Symbol]                       0x080031cc   Section        0  stm32f4xx_hal_uart.o(.text.HAL_UART_Transmit)
    [Anonymous Symbol]                       0x08003344   Section        0  stm32f4xx_hal_uart.o(.text.HAL_UART_TxCpltCallback)
    [Anonymous Symbol]                       0x08003348   Section        0  stm32f4xx_it.o(.text.HardFault_Handler)
    [Anonymous Symbol]                       0x0800334c   Section        0  stm32f4xx_it.o(.text.I2C1_ER_IRQHandler)
    [Anonymous Symbol]                       0x08003358   Section        0  stm32f4xx_it.o(.text.I2C1_EV_IRQHandler)
    I2C_DMAAbort                             0x08003365   Thumb Code   290  stm32f4xx_hal_i2c.o(.text.I2C_DMAAbort)
    [Anonymous Symbol]                       0x08003364   Section        0  stm32f4xx_hal_i2c.o(.text.I2C_DMAAbort)
    I2C_ITError                              0x08003489   Thumb Code   396  stm32f4xx_hal_i2c.o(.text.I2C_ITError)
    [Anonymous Symbol]                       0x08003488   Section        0  stm32f4xx_hal_i2c.o(.text.I2C_ITError)
    I2C_MasterReceive_BTF                    0x08003615   Thumb Code   248  stm32f4xx_hal_i2c.o(.text.I2C_MasterReceive_BTF)
    [Anonymous Symbol]                       0x08003614   Section        0  stm32f4xx_hal_i2c.o(.text.I2C_MasterReceive_BTF)
    I2C_MasterReceive_RXNE                   0x0800370d   Thumb Code   326  stm32f4xx_hal_i2c.o(.text.I2C_MasterReceive_RXNE)
    [Anonymous Symbol]                       0x0800370c   Section        0  stm32f4xx_hal_i2c.o(.text.I2C_MasterReceive_RXNE)
    I2C_MasterTransmit_BTF                   0x08003855   Thumb Code   130  stm32f4xx_hal_i2c.o(.text.I2C_MasterTransmit_BTF)
    [Anonymous Symbol]                       0x08003854   Section        0  stm32f4xx_hal_i2c.o(.text.I2C_MasterTransmit_BTF)
    I2C_MasterTransmit_TXE                   0x080038d9   Thumb Code   178  stm32f4xx_hal_i2c.o(.text.I2C_MasterTransmit_TXE)
    [Anonymous Symbol]                       0x080038d8   Section        0  stm32f4xx_hal_i2c.o(.text.I2C_MasterTransmit_TXE)
    I2C_MemoryTransmit_TXE_BTF               0x0800398d   Thumb Code   190  stm32f4xx_hal_i2c.o(.text.I2C_MemoryTransmit_TXE_BTF)
    [Anonymous Symbol]                       0x0800398c   Section        0  stm32f4xx_hal_i2c.o(.text.I2C_MemoryTransmit_TXE_BTF)
    I2C_RequestMemoryRead                    0x08003a4d   Thumb Code   274  stm32f4xx_hal_i2c.o(.text.I2C_RequestMemoryRead)
    [Anonymous Symbol]                       0x08003a4c   Section        0  stm32f4xx_hal_i2c.o(.text.I2C_RequestMemoryRead)
    I2C_WaitOnBTFFlagUntilTimeout            0x08003b61   Thumb Code   186  stm32f4xx_hal_i2c.o(.text.I2C_WaitOnBTFFlagUntilTimeout)
    [Anonymous Symbol]                       0x08003b60   Section        0  stm32f4xx_hal_i2c.o(.text.I2C_WaitOnBTFFlagUntilTimeout)
    I2C_WaitOnFlagUntilTimeout               0x08003c1d   Thumb Code   458  stm32f4xx_hal_i2c.o(.text.I2C_WaitOnFlagUntilTimeout)
    [Anonymous Symbol]                       0x08003c1c   Section        0  stm32f4xx_hal_i2c.o(.text.I2C_WaitOnFlagUntilTimeout)
    I2C_WaitOnMasterAddressFlagUntilTimeout  0x08003de9   Thumb Code   214  stm32f4xx_hal_i2c.o(.text.I2C_WaitOnMasterAddressFlagUntilTimeout)
    [Anonymous Symbol]                       0x08003de8   Section        0  stm32f4xx_hal_i2c.o(.text.I2C_WaitOnMasterAddressFlagUntilTimeout)
    I2C_WaitOnRXNEFlagUntilTimeout           0x08003ec1   Thumb Code   144  stm32f4xx_hal_i2c.o(.text.I2C_WaitOnRXNEFlagUntilTimeout)
    [Anonymous Symbol]                       0x08003ec0   Section        0  stm32f4xx_hal_i2c.o(.text.I2C_WaitOnRXNEFlagUntilTimeout)
    I2C_WaitOnTXEFlagUntilTimeout            0x08003f51   Thumb Code   186  stm32f4xx_hal_i2c.o(.text.I2C_WaitOnTXEFlagUntilTimeout)
    [Anonymous Symbol]                       0x08003f50   Section        0  stm32f4xx_hal_i2c.o(.text.I2C_WaitOnTXEFlagUntilTimeout)
    [Anonymous Symbol]                       0x0800400c   Section        0  stm32f4xx_it.o(.text.MemManage_Handler)
    [Anonymous Symbol]                       0x08004010   Section        0  stm32f4xx_it.o(.text.NMI_Handler)
    [Anonymous Symbol]                       0x08004014   Section        0  stm32f4xx_it.o(.text.PendSV_Handler)
    [Anonymous Symbol]                       0x08004018   Section        0  stm32f4xx_it.o(.text.SVC_Handler)
    [Anonymous Symbol]                       0x0800401c   Section        0  stm32f4xx_it.o(.text.SysTick_Handler)
    [Anonymous Symbol]                       0x08004020   Section        0  system_stm32f4xx.o(.text.SystemInit)
    UART_DMAAbortOnError                     0x08004035   Thumb Code    12  stm32f4xx_hal_uart.o(.text.UART_DMAAbortOnError)
    [Anonymous Symbol]                       0x08004034   Section        0  stm32f4xx_hal_uart.o(.text.UART_DMAAbortOnError)
    UART_Receive_IT                          0x08004041   Thumb Code   254  stm32f4xx_hal_uart.o(.text.UART_Receive_IT)
    [Anonymous Symbol]                       0x08004040   Section        0  stm32f4xx_hal_uart.o(.text.UART_Receive_IT)
    UART_SetConfig                           0x08004141   Thumb Code   238  stm32f4xx_hal_uart.o(.text.UART_SetConfig)
    [Anonymous Symbol]                       0x08004140   Section        0  stm32f4xx_hal_uart.o(.text.UART_SetConfig)
    [Anonymous Symbol]                       0x08004230   Section        0  stm32f4xx_it.o(.text.USART1_IRQHandler)
    [Anonymous Symbol]                       0x0800423c   Section        0  stm32f4xx_it.o(.text.UsageFault_Handler)
    [Anonymous Symbol]                       0x08004240   Section        0  main.o(.text.main)
    CL$$btod_d2e                             0x08004824   Section       62  btod.o(CL$$btod_d2e)
    CL$$btod_d2e_denorm_low                  0x08004862   Section       70  btod.o(CL$$btod_d2e_denorm_low)
    CL$$btod_d2e_norm_op1                    0x080048a8   Section       96  btod.o(CL$$btod_d2e_norm_op1)
    CL$$btod_div_common                      0x08004908   Section      824  btod.o(CL$$btod_div_common)
    CL$$btod_e2e                             0x08004c40   Section      220  btod.o(CL$$btod_e2e)
    CL$$btod_ediv                            0x08004d1c   Section       42  btod.o(CL$$btod_ediv)
    CL$$btod_emul                            0x08004d46   Section       42  btod.o(CL$$btod_emul)
    CL$$btod_mult_common                     0x08004d70   Section      580  btod.o(CL$$btod_mult_common)
    i.__ARM_fpclassify                       0x08004fb4   Section        0  fpclassify.o(i.__ARM_fpclassify)
    i._is_digit                              0x08004fe4   Section        0  __printf_wp.o(i._is_digit)
    locale$$code                             0x08004ff4   Section       44  lc_numeric_c.o(locale$$code)
    $v0                                      0x08005020   Number         0  d2f.o(x$fpl$d2f)
    x$fpl$d2f                                0x08005020   Section       98  d2f.o(x$fpl$d2f)
    $v0                                      0x08005084   Number         0  daddsub_clz.o(x$fpl$dadd)
    x$fpl$dadd                               0x08005084   Section      336  daddsub_clz.o(x$fpl$dadd)
    _dadd1                                   0x08005095   Thumb Code     0  daddsub_clz.o(x$fpl$dadd)
    $v0                                      0x080051d4   Number         0  ddiv.o(x$fpl$ddiv)
    x$fpl$ddiv                               0x080051d4   Section      692  ddiv.o(x$fpl$ddiv)
    ddiv_entry                               0x080051db   Thumb Code     0  ddiv.o(x$fpl$ddiv)
    $v0                                      0x08005488   Number         0  dflt_clz.o(x$fpl$dflt)
    x$fpl$dflt                               0x08005488   Section       46  dflt_clz.o(x$fpl$dflt)
    $v0                                      0x080054b8   Number         0  dmul.o(x$fpl$dmul)
    x$fpl$dmul                               0x080054b8   Section      340  dmul.o(x$fpl$dmul)
    $v0                                      0x0800560c   Number         0  dnaninf.o(x$fpl$dnaninf)
    x$fpl$dnaninf                            0x0800560c   Section      156  dnaninf.o(x$fpl$dnaninf)
    $v0                                      0x080056a8   Number         0  dretinf.o(x$fpl$dretinf)
    x$fpl$dretinf                            0x080056a8   Section       12  dretinf.o(x$fpl$dretinf)
    $v0                                      0x080056b4   Number         0  daddsub_clz.o(x$fpl$dsub)
    x$fpl$dsub                               0x080056b4   Section      476  daddsub_clz.o(x$fpl$dsub)
    _dsub1                                   0x080056c5   Thumb Code     0  daddsub_clz.o(x$fpl$dsub)
    $v0                                      0x08005890   Number         0  f2d.o(x$fpl$f2d)
    x$fpl$f2d                                0x08005890   Section       86  f2d.o(x$fpl$f2d)
    $v0                                      0x080058e6   Number         0  fnaninf.o(x$fpl$fnaninf)
    x$fpl$fnaninf                            0x080058e6   Section      140  fnaninf.o(x$fpl$fnaninf)
    $v0                                      0x08005972   Number         0  fpinit.o(x$fpl$fpinit)
    x$fpl$fpinit                             0x08005972   Section       26  fpinit.o(x$fpl$fpinit)
    $v0                                      0x0800598c   Number         0  fretinf.o(x$fpl$fretinf)
    x$fpl$fretinf                            0x0800598c   Section       10  fretinf.o(x$fpl$fretinf)
    $v0                                      0x08005996   Number         0  printf1.o(x$fpl$printf1)
    x$fpl$printf1                            0x08005996   Section        4  printf1.o(x$fpl$printf1)
    x$fpl$usenofp                            0x0800599a   Section        0  usenofp.o(x$fpl$usenofp)
    tenpwrs_x                                0x0800599c   Data          60  bigflt0.o(.constdata)
    .constdata                               0x0800599c   Section      148  bigflt0.o(.constdata)
    tenpwrs_i                                0x080059d8   Data          64  bigflt0.o(.constdata)
    .L.str                                   0x08005a48   Data         151  main.o(.rodata.str1.1)
    [Anonymous Symbol]                       0x08005a48   Section        0  main.o(.rodata.str1.1)
    locale$$data                             0x08005b00   Section       28  lc_numeric_c.o(locale$$data)
    __lcnum_c_name                           0x08005b04   Data           2  lc_numeric_c.o(locale$$data)
    __lcnum_c_start                          0x08005b0c   Data           0  lc_numeric_c.o(locale$$data)
    __lcnum_c_point                          0x08005b18   Data           0  lc_numeric_c.o(locale$$data)
    __lcnum_c_thousands                      0x08005b1a   Data           0  lc_numeric_c.o(locale$$data)
    __lcnum_c_grouping                       0x08005b1b   Data           0  lc_numeric_c.o(locale$$data)
    __lcnum_c_end                            0x08005b1c   Data           0  lc_numeric_c.o(locale$$data)
    .L_MergedGlobals                         0x20000000   Data           8  stm32f4xx_hal.o(.data..L_MergedGlobals)
    [Anonymous Symbol]                       0x20000000   Section        0  stm32f4xx_hal.o(.data..L_MergedGlobals)
    .bss                                     0x20000010   Section       96  libspace.o(.bss)
    Heap_Mem                                 0x20000158   Data         512  startup_stm32f401xe.o(HEAP)
    HEAP                                     0x20000158   Section      512  startup_stm32f401xe.o(HEAP)
    Stack_Mem                                0x20000358   Data        1024  startup_stm32f401xe.o(STACK)
    STACK                                    0x20000358   Section     1024  startup_stm32f401xe.o(STACK)
    __initial_sp                             0x20000758   Data           0  startup_stm32f401xe.o(STACK)

    Global Symbols

    Symbol Name                              Value     Ov Type        Size  Object(Section)

    BuildAttributes$$THM_ISAv4$E$P$D$K$B$S$7EM$VFPi3$EXTD16$VFPS$VFMA$PE$A:L22UL41UL21$X:L11$S22US41US21$IEEE1$IW$~IW$USESV6$~STKCKD$USESV7$~SHL$OTIME$ROPI$IEEEJ$EBA8$UX$STANDARDLIB$REQ8$PRES8$EABIv2 0x00000000   Number         0  anon$$obj.o ABSOLUTE
    _printf_flags                            0x00000000   Number         0  printf_stubs.o ABSOLUTE
    _printf_return_value                     0x00000000   Number         0  printf_stubs.o ABSOLUTE
    _printf_sizespec                         0x00000000   Number         0  printf_stubs.o ABSOLUTE
    _printf_widthprec                        0x00000000   Number         0  printf_stubs.o ABSOLUTE
    __ARM_exceptions_init                     - Undefined Weak Reference
    __alloca_initialize                       - Undefined Weak Reference
    __arm_preinit_                            - Undefined Weak Reference
    __arm_relocate_pie_                       - Undefined Weak Reference
    __cpp_initialize__aeabi_                  - Undefined Weak Reference
    __cxa_finalize                            - Undefined Weak Reference
    __sigvec_lookup                           - Undefined Weak Reference
    _atexit_init                              - Undefined Weak Reference
    _call_atexit_fns                          - Undefined Weak Reference
    _clock_init                               - Undefined Weak Reference
    _fp_trap_init                             - Undefined Weak Reference
    _fp_trap_shutdown                         - Undefined Weak Reference
    _get_lc_collate                           - Undefined Weak Reference
    _get_lc_ctype                             - Undefined Weak Reference
    _get_lc_monetary                          - Undefined Weak Reference
    _get_lc_time                              - Undefined Weak Reference
    _getenv_init                              - Undefined Weak Reference
    _handle_redirection                       - Undefined Weak Reference
    _init_alloc                               - Undefined Weak Reference
    _init_user_alloc                          - Undefined Weak Reference
    _initio                                   - Undefined Weak Reference
    _printf_mbtowc                            - Undefined Weak Reference
    _printf_post_padding                      - Undefined Weak Reference
    _printf_pre_padding                       - Undefined Weak Reference
    _printf_truncate_signed                   - Undefined Weak Reference
    _printf_truncate_unsigned                 - Undefined Weak Reference
    _rand_init                                - Undefined Weak Reference
    _signal_finish                            - Undefined Weak Reference
    _signal_init                              - Undefined Weak Reference
    _terminate_alloc                          - Undefined Weak Reference
    _terminate_user_alloc                     - Undefined Weak Reference
    _terminateio                              - Undefined Weak Reference
    __Vectors_Size                           0x00000194   Number         0  startup_stm32f401xe.o ABSOLUTE
    __Vectors                                0x08000000   Data           4  startup_stm32f401xe.o(RESET)
    __Vectors_End                            0x08000194   Data           0  startup_stm32f401xe.o(RESET)
    __main                                   0x08000195   Thumb Code     8  __main.o(!!!main)
    __scatterload                            0x0800019d   Thumb Code     0  __scatter.o(!!!scatter)
    __scatterload_rt2                        0x0800019d   Thumb Code    84  __scatter.o(!!!scatter)
    __scatterload_rt2_thumb_only             0x0800019d   Thumb Code     0  __scatter.o(!!!scatter)
    __scatterload_loop                       0x080001a7   Thumb Code     0  __scatter.o(!!!scatter)
    __scatterload_copy                       0x080001f9   Thumb Code    26  __scatter_copy.o(!!handler_copy)
    __scatterload_null                       0x08000215   Thumb Code     2  __scatter.o(!!handler_null)
    __scatterload_zeroinit                   0x08000219   Thumb Code    28  __scatter_zi.o(!!handler_zi)
    _printf_f                                0x08000235   Thumb Code     0  _printf_f.o(.ARM.Collect$$_printf_percent$$00000003)
    _printf_percent                          0x08000235   Thumb Code     0  _printf_percent.o(.ARM.Collect$$_printf_percent$$00000000)
    _printf_u                                0x0800023b   Thumb Code     0  _printf_u.o(.ARM.Collect$$_printf_percent$$0000000A)
    _printf_s                                0x08000241   Thumb Code     0  _printf_s.o(.ARM.Collect$$_printf_percent$$00000014)
    _printf_percent_end                      0x08000247   Thumb Code     0  _printf_percent_end.o(.ARM.Collect$$_printf_percent$$00000017)
    __rt_lib_init                            0x0800024b   Thumb Code     0  libinit.o(.ARM.Collect$$libinit$$00000000)
    __rt_lib_init_fp_1                       0x0800024d   Thumb Code     0  libinit2.o(.ARM.Collect$$libinit$$00000001)
    __rt_lib_init_heap_1                     0x08000251   Thumb Code     0  libinit2.o(.ARM.Collect$$libinit$$0000000C)
    __rt_lib_init_lc_common                  0x08000251   Thumb Code     0  libinit2.o(.ARM.Collect$$libinit$$00000011)
    __rt_lib_init_preinit_1                  0x08000251   Thumb Code     0  libinit2.o(.ARM.Collect$$libinit$$00000006)
    __rt_lib_init_rand_1                     0x08000251   Thumb Code     0  libinit2.o(.ARM.Collect$$libinit$$00000010)
    __rt_lib_init_relocate_pie_1             0x08000251   Thumb Code     0  libinit2.o(.ARM.Collect$$libinit$$00000004)
    __rt_lib_init_user_alloc_1               0x08000251   Thumb Code     0  libinit2.o(.ARM.Collect$$libinit$$0000000E)
    __rt_lib_init_lc_collate_1               0x08000257   Thumb Code     0  libinit2.o(.ARM.Collect$$libinit$$00000013)
    __rt_lib_init_lc_ctype_1                 0x08000257   Thumb Code     0  libinit2.o(.ARM.Collect$$libinit$$00000015)
    __rt_lib_init_lc_monetary_1              0x08000257   Thumb Code     0  libinit2.o(.ARM.Collect$$libinit$$00000017)
    __rt_lib_init_lc_numeric_2               0x08000257   Thumb Code     0  libinit2.o(.ARM.Collect$$libinit$$00000018)
    __rt_lib_init_alloca_1                   0x08000261   Thumb Code     0  libinit2.o(.ARM.Collect$$libinit$$00000030)
    __rt_lib_init_argv_1                     0x08000261   Thumb Code     0  libinit2.o(.ARM.Collect$$libinit$$0000002E)
    __rt_lib_init_atexit_1                   0x08000261   Thumb Code     0  libinit2.o(.ARM.Collect$$libinit$$0000001D)
    __rt_lib_init_clock_1                    0x08000261   Thumb Code     0  libinit2.o(.ARM.Collect$$libinit$$00000023)
    __rt_lib_init_cpp_1                      0x08000261   Thumb Code     0  libinit2.o(.ARM.Collect$$libinit$$00000034)
    __rt_lib_init_exceptions_1               0x08000261   Thumb Code     0  libinit2.o(.ARM.Collect$$libinit$$00000032)
    __rt_lib_init_fp_trap_1                  0x08000261   Thumb Code     0  libinit2.o(.ARM.Collect$$libinit$$00000021)
    __rt_lib_init_getenv_1                   0x08000261   Thumb Code     0  libinit2.o(.ARM.Collect$$libinit$$00000025)
    __rt_lib_init_lc_numeric_1               0x08000261   Thumb Code     0  libinit2.o(.ARM.Collect$$libinit$$00000019)
    __rt_lib_init_lc_time_1                  0x08000261   Thumb Code     0  libinit2.o(.ARM.Collect$$libinit$$0000001B)
    __rt_lib_init_return                     0x08000261   Thumb Code     0  libinit2.o(.ARM.Collect$$libinit$$00000035)
    __rt_lib_init_signal_1                   0x08000261   Thumb Code     0  libinit2.o(.ARM.Collect$$libinit$$0000001F)
    __rt_lib_init_stdio_1                    0x08000261   Thumb Code     0  libinit2.o(.ARM.Collect$$libinit$$00000027)
    __rt_lib_shutdown                        0x08000263   Thumb Code     0  libshutdown.o(.ARM.Collect$$libshutdown$$00000000)
    __rt_lib_shutdown_cpp_1                  0x08000265   Thumb Code     0  libshutdown2.o(.ARM.Collect$$libshutdown$$00000002)
    __rt_lib_shutdown_fp_trap_1              0x08000265   Thumb Code     0  libshutdown2.o(.ARM.Collect$$libshutdown$$00000007)
    __rt_lib_shutdown_heap_1                 0x08000265   Thumb Code     0  libshutdown2.o(.ARM.Collect$$libshutdown$$0000000F)
    __rt_lib_shutdown_return                 0x08000265   Thumb Code     0  libshutdown2.o(.ARM.Collect$$libshutdown$$00000010)
    __rt_lib_shutdown_signal_1               0x08000265   Thumb Code     0  libshutdown2.o(.ARM.Collect$$libshutdown$$0000000A)
    __rt_lib_shutdown_stdio_1                0x08000265   Thumb Code     0  libshutdown2.o(.ARM.Collect$$libshutdown$$00000004)
    __rt_lib_shutdown_user_alloc_1           0x08000265   Thumb Code     0  libshutdown2.o(.ARM.Collect$$libshutdown$$0000000C)
    __rt_entry                               0x08000267   Thumb Code     0  __rtentry.o(.ARM.Collect$$rtentry$$00000000)
    __rt_entry_presh_1                       0x08000267   Thumb Code     0  __rtentry2.o(.ARM.Collect$$rtentry$$00000002)
    __rt_entry_sh                            0x08000267   Thumb Code     0  __rtentry4.o(.ARM.Collect$$rtentry$$00000004)
    __rt_entry_li                            0x0800026d   Thumb Code     0  __rtentry2.o(.ARM.Collect$$rtentry$$0000000A)
    __rt_entry_postsh_1                      0x0800026d   Thumb Code     0  __rtentry2.o(.ARM.Collect$$rtentry$$00000009)
    __rt_entry_main                          0x08000271   Thumb Code     0  __rtentry2.o(.ARM.Collect$$rtentry$$0000000D)
    __rt_entry_postli_1                      0x08000271   Thumb Code     0  __rtentry2.o(.ARM.Collect$$rtentry$$0000000C)
    __rt_exit                                0x08000279   Thumb Code     0  rtexit.o(.ARM.Collect$$rtexit$$00000000)
    __rt_exit_ls                             0x0800027b   Thumb Code     0  rtexit2.o(.ARM.Collect$$rtexit$$00000003)
    __rt_exit_prels_1                        0x0800027b   Thumb Code     0  rtexit2.o(.ARM.Collect$$rtexit$$00000002)
    __rt_exit_exit                           0x0800027f   Thumb Code     0  rtexit2.o(.ARM.Collect$$rtexit$$00000004)
    Reset_Handler                            0x08000285   Thumb Code     8  startup_stm32f401xe.o(.text)
    ADC_IRQHandler                           0x0800029f   Thumb Code     0  startup_stm32f401xe.o(.text)
    DMA1_Stream0_IRQHandler                  0x0800029f   Thumb Code     0  startup_stm32f401xe.o(.text)
    DMA1_Stream1_IRQHandler                  0x0800029f   Thumb Code     0  startup_stm32f401xe.o(.text)
    DMA1_Stream2_IRQHandler                  0x0800029f   Thumb Code     0  startup_stm32f401xe.o(.text)
    DMA1_Stream3_IRQHandler                  0x0800029f   Thumb Code     0  startup_stm32f401xe.o(.text)
    DMA1_Stream4_IRQHandler                  0x0800029f   Thumb Code     0  startup_stm32f401xe.o(.text)
    DMA1_Stream5_IRQHandler                  0x0800029f   Thumb Code     0  startup_stm32f401xe.o(.text)
    DMA1_Stream6_IRQHandler                  0x0800029f   Thumb Code     0  startup_stm32f401xe.o(.text)
    DMA1_Stream7_IRQHandler                  0x0800029f   Thumb Code     0  startup_stm32f401xe.o(.text)
    DMA2_Stream0_IRQHandler                  0x0800029f   Thumb Code     0  startup_stm32f401xe.o(.text)
    DMA2_Stream1_IRQHandler                  0x0800029f   Thumb Code     0  startup_stm32f401xe.o(.text)
    DMA2_Stream2_IRQHandler                  0x0800029f   Thumb Code     0  startup_stm32f401xe.o(.text)
    DMA2_Stream3_IRQHandler                  0x0800029f   Thumb Code     0  startup_stm32f401xe.o(.text)
    DMA2_Stream4_IRQHandler                  0x0800029f   Thumb Code     0  startup_stm32f401xe.o(.text)
    DMA2_Stream5_IRQHandler                  0x0800029f   Thumb Code     0  startup_stm32f401xe.o(.text)
    DMA2_Stream6_IRQHandler                  0x0800029f   Thumb Code     0  startup_stm32f401xe.o(.text)
    DMA2_Stream7_IRQHandler                  0x0800029f   Thumb Code     0  startup_stm32f401xe.o(.text)
    EXTI0_IRQHandler                         0x0800029f   Thumb Code     0  startup_stm32f401xe.o(.text)
    EXTI15_10_IRQHandler                     0x0800029f   Thumb Code     0  startup_stm32f401xe.o(.text)
    EXTI1_IRQHandler                         0x0800029f   Thumb Code     0  startup_stm32f401xe.o(.text)
    EXTI2_IRQHandler                         0x0800029f   Thumb Code     0  startup_stm32f401xe.o(.text)
    EXTI3_IRQHandler                         0x0800029f   Thumb Code     0  startup_stm32f401xe.o(.text)
    EXTI4_IRQHandler                         0x0800029f   Thumb Code     0  startup_stm32f401xe.o(.text)
    EXTI9_5_IRQHandler                       0x0800029f   Thumb Code     0  startup_stm32f401xe.o(.text)
    FLASH_IRQHandler                         0x0800029f   Thumb Code     0  startup_stm32f401xe.o(.text)
    FPU_IRQHandler                           0x0800029f   Thumb Code     0  startup_stm32f401xe.o(.text)
    I2C2_ER_IRQHandler                       0x0800029f   Thumb Code     0  startup_stm32f401xe.o(.text)
    I2C2_EV_IRQHandler                       0x0800029f   Thumb Code     0  startup_stm32f401xe.o(.text)
    I2C3_ER_IRQHandler                       0x0800029f   Thumb Code     0  startup_stm32f401xe.o(.text)
    I2C3_EV_IRQHandler                       0x0800029f   Thumb Code     0  startup_stm32f401xe.o(.text)
    OTG_FS_IRQHandler                        0x0800029f   Thumb Code     0  startup_stm32f401xe.o(.text)
    OTG_FS_WKUP_IRQHandler                   0x0800029f   Thumb Code     0  startup_stm32f401xe.o(.text)
    PVD_IRQHandler                           0x0800029f   Thumb Code     0  startup_stm32f401xe.o(.text)
    RCC_IRQHandler                           0x0800029f   Thumb Code     0  startup_stm32f401xe.o(.text)
    RTC_Alarm_IRQHandler                     0x0800029f   Thumb Code     0  startup_stm32f401xe.o(.text)
    RTC_WKUP_IRQHandler                      0x0800029f   Thumb Code     0  startup_stm32f401xe.o(.text)
    SDIO_IRQHandler                          0x0800029f   Thumb Code     0  startup_stm32f401xe.o(.text)
    SPI1_IRQHandler                          0x0800029f   Thumb Code     0  startup_stm32f401xe.o(.text)
    SPI2_IRQHandler                          0x0800029f   Thumb Code     0  startup_stm32f401xe.o(.text)
    SPI3_IRQHandler                          0x0800029f   Thumb Code     0  startup_stm32f401xe.o(.text)
    SPI4_IRQHandler                          0x0800029f   Thumb Code     0  startup_stm32f401xe.o(.text)
    TAMP_STAMP_IRQHandler                    0x0800029f   Thumb Code     0  startup_stm32f401xe.o(.text)
    TIM1_BRK_TIM9_IRQHandler                 0x0800029f   Thumb Code     0  startup_stm32f401xe.o(.text)
    TIM1_CC_IRQHandler                       0x0800029f   Thumb Code     0  startup_stm32f401xe.o(.text)
    TIM1_TRG_COM_TIM11_IRQHandler            0x0800029f   Thumb Code     0  startup_stm32f401xe.o(.text)
    TIM1_UP_TIM10_IRQHandler                 0x0800029f   Thumb Code     0  startup_stm32f401xe.o(.text)
    TIM2_IRQHandler                          0x0800029f   Thumb Code     0  startup_stm32f401xe.o(.text)
    TIM3_IRQHandler                          0x0800029f   Thumb Code     0  startup_stm32f401xe.o(.text)
    TIM4_IRQHandler                          0x0800029f   Thumb Code     0  startup_stm32f401xe.o(.text)
    TIM5_IRQHandler                          0x0800029f   Thumb Code     0  startup_stm32f401xe.o(.text)
    USART2_IRQHandler                        0x0800029f   Thumb Code     0  startup_stm32f401xe.o(.text)
    USART6_IRQHandler                        0x0800029f   Thumb Code     0  startup_stm32f401xe.o(.text)
    WWDG_IRQHandler                          0x0800029f   Thumb Code     0  startup_stm32f401xe.o(.text)
    __user_initial_stackheap                 0x080002a1   Thumb Code     0  startup_stm32f401xe.o(.text)
    __aeabi_uldivmod                         0x080002c5   Thumb Code     0  lludivv7m.o(.text)
    _ll_udiv                                 0x080002c5   Thumb Code   240  lludivv7m.o(.text)
    __2snprintf                              0x080003b5   Thumb Code    58  noretval__2snprintf.o(.text)
    _printf_str                              0x080003f5   Thumb Code    82  _printf_str.o(.text)
    _printf_int_dec                          0x08000449   Thumb Code   104  _printf_dec.o(.text)
    __printf                                 0x080004c1   Thumb Code   270  __printf_wp.o(.text)
    strlen                                   0x080005cf   Thumb Code    62  strlen.o(.text)
    __aeabi_memclr4                          0x0800060d   Thumb Code     0  rt_memclr_w.o(.text)
    __aeabi_memclr8                          0x0800060d   Thumb Code     0  rt_memclr_w.o(.text)
    __rt_memclr_w                            0x0800060d   Thumb Code     0  rt_memclr_w.o(.text)
    _memset_w                                0x08000611   Thumb Code    74  rt_memclr_w.o(.text)
    __use_two_region_memory                  0x0800065b   Thumb Code     2  heapauxi.o(.text)
    __rt_heap_escrow$2region                 0x0800065d   Thumb Code     2  heapauxi.o(.text)
    __rt_heap_expand$2region                 0x0800065f   Thumb Code     2  heapauxi.o(.text)
    _printf_int_common                       0x08000661   Thumb Code   178  _printf_intcommon.o(.text)
    _printf_fp_dec_real                      0x080008c3   Thumb Code   620  _printf_fp_dec.o(.text)
    _printf_char_common                      0x08000b3b   Thumb Code    32  _printf_char_common.o(.text)
    _snputc                                  0x08000b61   Thumb Code    16  _snputc.o(.text)
    _printf_cs_common                        0x08000b71   Thumb Code    20  _printf_char.o(.text)
    _printf_char                             0x08000b85   Thumb Code    16  _printf_char.o(.text)
    _printf_string                           0x08000b95   Thumb Code     8  _printf_char.o(.text)
    __rt_locale                              0x08000b9d   Thumb Code     8  rt_locale_intlibspace.o(.text)
    _ll_udiv10                               0x08000ba5   Thumb Code   138  lludiv10.o(.text)
    _printf_fp_infnan                        0x08000c31   Thumb Code   112  _printf_fp_infnan.o(.text)
    _btod_etento                             0x08000cb1   Thumb Code   224  bigflt0.o(.text)
    __user_libspace                          0x08000d95   Thumb Code     8  libspace.o(.text)
    __user_perproc_libspace                  0x08000d95   Thumb Code     0  libspace.o(.text)
    __user_perthread_libspace                0x08000d95   Thumb Code     0  libspace.o(.text)
    __user_setup_stackheap                   0x08000d9d   Thumb Code    74  sys_stackheap_outer.o(.text)
    exit                                     0x08000de7   Thumb Code    18  exit.o(.text)
    strcmp                                   0x08000df9   Thumb Code   124  strcmpv7em.o(.text)
    _sys_exit                                0x08000e75   Thumb Code     8  sys_exit.o(.text)
    __I$use$semihosting                      0x08000e81   Thumb Code     0  use_no_semi.o(.text)
    __use_no_semihosting_swi                 0x08000e81   Thumb Code     2  use_no_semi.o(.text)
    __semihosting_library_function           0x08000e83   Thumb Code     0  indicate_semi.o(.text)
    BusFault_Handler                         0x08000e85   Thumb Code     2  stm32f4xx_it.o(.text.BusFault_Handler)
    DebugMon_Handler                         0x08000e89   Thumb Code     2  stm32f4xx_it.o(.text.DebugMon_Handler)
    HAL_ADC_ConfigChannel                    0x08000e8d   Thumb Code   326  stm32f4xx_hal_adc.o(.text.HAL_ADC_ConfigChannel)
    HAL_ADC_GetValue                         0x08000fd5   Thumb Code     6  stm32f4xx_hal_adc.o(.text.HAL_ADC_GetValue)
    HAL_ADC_Init                             0x08000fdd   Thumb Code   350  stm32f4xx_hal_adc.o(.text.HAL_ADC_Init)
    HAL_ADC_MspInit                          0x0800113d   Thumb Code   100  stm32f4xx_hal_msp.o(.text.HAL_ADC_MspInit)
    HAL_ADC_PollForConversion                0x080011a1   Thumb Code   254  stm32f4xx_hal_adc.o(.text.HAL_ADC_PollForConversion)
    HAL_ADC_Start                            0x080012a1   Thumb Code   270  stm32f4xx_hal_adc.o(.text.HAL_ADC_Start)
    HAL_ADC_Stop                             0x080013b1   Thumb Code    50  stm32f4xx_hal_adc.o(.text.HAL_ADC_Stop)
    HAL_DMA_Abort                            0x080013e5   Thumb Code   142  stm32f4xx_hal_dma.o(.text.HAL_DMA_Abort)
    HAL_DMA_Abort_IT                         0x08001475   Thumb Code    36  stm32f4xx_hal_dma.o(.text.HAL_DMA_Abort_IT)
    HAL_DMA_GetState                         0x08001499   Thumb Code     6  stm32f4xx_hal_dma.o(.text.HAL_DMA_GetState)
    HAL_Delay                                0x080014a1   Thumb Code    40  stm32f4xx_hal.o(.text.HAL_Delay)
    HAL_GPIO_Init                            0x080014c9   Thumb Code   414  stm32f4xx_hal_gpio.o(.text.HAL_GPIO_Init)
    HAL_GPIO_WritePin                        0x08001669   Thumb Code    10  stm32f4xx_hal_gpio.o(.text.HAL_GPIO_WritePin)
    HAL_GetTick                              0x08001675   Thumb Code    12  stm32f4xx_hal.o(.text.HAL_GetTick)
    HAL_I2C_AbortCpltCallback                0x08001681   Thumb Code     2  stm32f4xx_hal_i2c.o(.text.HAL_I2C_AbortCpltCallback)
    HAL_I2C_AddrCallback                     0x08001685   Thumb Code     2  stm32f4xx_hal_i2c.o(.text.HAL_I2C_AddrCallback)
    HAL_I2C_ER_IRQHandler                    0x08001689   Thumb Code   336  stm32f4xx_hal_i2c.o(.text.HAL_I2C_ER_IRQHandler)
    HAL_I2C_EV_IRQHandler                    0x080017d9   Thumb Code  1516  stm32f4xx_hal_i2c.o(.text.HAL_I2C_EV_IRQHandler)
    HAL_I2C_ErrorCallback                    0x08001dc5   Thumb Code     2  stm32f4xx_hal_i2c.o(.text.HAL_I2C_ErrorCallback)
    HAL_I2C_Init                             0x08001dc9   Thumb Code   356  stm32f4xx_hal_i2c.o(.text.HAL_I2C_Init)
    HAL_I2C_ListenCpltCallback               0x08001f2d   Thumb Code     2  stm32f4xx_hal_i2c.o(.text.HAL_I2C_ListenCpltCallback)
    HAL_I2C_MasterRxCpltCallback             0x08001f31   Thumb Code     2  stm32f4xx_hal_i2c.o(.text.HAL_I2C_MasterRxCpltCallback)
    HAL_I2C_MasterTxCpltCallback             0x08001f35   Thumb Code     2  stm32f4xx_hal_i2c.o(.text.HAL_I2C_MasterTxCpltCallback)
    HAL_I2C_Master_Transmit                  0x08001f39   Thumb Code   476  stm32f4xx_hal_i2c.o(.text.HAL_I2C_Master_Transmit)
    HAL_I2C_MemRxCpltCallback                0x08002115   Thumb Code     2  stm32f4xx_hal_i2c.o(.text.HAL_I2C_MemRxCpltCallback)
    HAL_I2C_MemTxCpltCallback                0x08002119   Thumb Code     2  stm32f4xx_hal_i2c.o(.text.HAL_I2C_MemTxCpltCallback)
    HAL_I2C_Mem_Read                         0x0800211d   Thumb Code   600  stm32f4xx_hal_i2c.o(.text.HAL_I2C_Mem_Read)
    HAL_I2C_MspInit                          0x08002375   Thumb Code   140  stm32f4xx_hal_msp.o(.text.HAL_I2C_MspInit)
    HAL_I2C_SlaveRxCpltCallback              0x08002401   Thumb Code     2  stm32f4xx_hal_i2c.o(.text.HAL_I2C_SlaveRxCpltCallback)
    HAL_I2C_SlaveTxCpltCallback              0x08002405   Thumb Code     2  stm32f4xx_hal_i2c.o(.text.HAL_I2C_SlaveTxCpltCallback)
    HAL_IncTick                              0x08002409   Thumb Code    26  stm32f4xx_hal.o(.text.HAL_IncTick)
    HAL_Init                                 0x08002425   Thumb Code    54  stm32f4xx_hal.o(.text.HAL_Init)
    HAL_InitTick                             0x0800245d   Thumb Code    72  stm32f4xx_hal.o(.text.HAL_InitTick)
    HAL_MspInit                              0x080024a5   Thumb Code    56  stm32f4xx_hal_msp.o(.text.HAL_MspInit)
    HAL_NVIC_EnableIRQ                       0x080024dd   Thumb Code    34  stm32f4xx_hal_cortex.o(.text.HAL_NVIC_EnableIRQ)
    HAL_NVIC_SetPriority                     0x08002501   Thumb Code    86  stm32f4xx_hal_cortex.o(.text.HAL_NVIC_SetPriority)
    HAL_NVIC_SetPriorityGrouping             0x08002559   Thumb Code    32  stm32f4xx_hal_cortex.o(.text.HAL_NVIC_SetPriorityGrouping)
    HAL_RCC_ClockConfig                      0x08002579   Thumb Code   356  stm32f4xx_hal_rcc.o(.text.HAL_RCC_ClockConfig)
    HAL_RCC_GetPCLK1Freq                     0x080026dd   Thumb Code    38  stm32f4xx_hal_rcc.o(.text.HAL_RCC_GetPCLK1Freq)
    HAL_RCC_GetPCLK2Freq                     0x08002705   Thumb Code    38  stm32f4xx_hal_rcc.o(.text.HAL_RCC_GetPCLK2Freq)
    HAL_RCC_GetSysClockFreq                  0x0800272d   Thumb Code   106  stm32f4xx_hal_rcc.o(.text.HAL_RCC_GetSysClockFreq)
    HAL_RCC_OscConfig                        0x08002799   Thumb Code   944  stm32f4xx_hal_rcc.o(.text.HAL_RCC_OscConfig)
    HAL_SYSTICK_Config                       0x08002b49   Thumb Code    44  stm32f4xx_hal_cortex.o(.text.HAL_SYSTICK_Config)
    HAL_UARTEx_RxEventCallback               0x08002b75   Thumb Code     2  stm32f4xx_hal_uart.o(.text.HAL_UARTEx_RxEventCallback)
    HAL_UART_ErrorCallback                   0x08002b79   Thumb Code     2  stm32f4xx_hal_uart.o(.text.HAL_UART_ErrorCallback)
    HAL_UART_IRQHandler                      0x08002b7d   Thumb Code  1392  stm32f4xx_hal_uart.o(.text.HAL_UART_IRQHandler)
    HAL_UART_Init                            0x080030ed   Thumb Code    96  stm32f4xx_hal_uart.o(.text.HAL_UART_Init)
    HAL_UART_MspInit                         0x0800314d   Thumb Code   124  stm32f4xx_hal_msp.o(.text.HAL_UART_MspInit)
    HAL_UART_RxCpltCallback                  0x080031c9   Thumb Code     2  stm32f4xx_hal_uart.o(.text.HAL_UART_RxCpltCallback)
    HAL_UART_Transmit                        0x080031cd   Thumb Code   376  stm32f4xx_hal_uart.o(.text.HAL_UART_Transmit)
    HAL_UART_TxCpltCallback                  0x08003345   Thumb Code     2  stm32f4xx_hal_uart.o(.text.HAL_UART_TxCpltCallback)
    HardFault_Handler                        0x08003349   Thumb Code     2  stm32f4xx_it.o(.text.HardFault_Handler)
    I2C1_ER_IRQHandler                       0x0800334d   Thumb Code    12  stm32f4xx_it.o(.text.I2C1_ER_IRQHandler)
    I2C1_EV_IRQHandler                       0x08003359   Thumb Code    12  stm32f4xx_it.o(.text.I2C1_EV_IRQHandler)
    MemManage_Handler                        0x0800400d   Thumb Code     2  stm32f4xx_it.o(.text.MemManage_Handler)
    NMI_Handler                              0x08004011   Thumb Code     2  stm32f4xx_it.o(.text.NMI_Handler)
    PendSV_Handler                           0x08004015   Thumb Code     2  stm32f4xx_it.o(.text.PendSV_Handler)
    SVC_Handler                              0x08004019   Thumb Code     2  stm32f4xx_it.o(.text.SVC_Handler)
    SysTick_Handler                          0x0800401d   Thumb Code     4  stm32f4xx_it.o(.text.SysTick_Handler)
    SystemInit                               0x08004021   Thumb Code    18  system_stm32f4xx.o(.text.SystemInit)
    USART1_IRQHandler                        0x08004231   Thumb Code    12  stm32f4xx_it.o(.text.USART1_IRQHandler)
    UsageFault_Handler                       0x0800423d   Thumb Code     2  stm32f4xx_it.o(.text.UsageFault_Handler)
    main                                     0x08004241   Thumb Code  1456  main.o(.text.main)
    _btod_d2e                                0x08004825   Thumb Code    62  btod.o(CL$$btod_d2e)
    _d2e_denorm_low                          0x08004863   Thumb Code    70  btod.o(CL$$btod_d2e_denorm_low)
    _d2e_norm_op1                            0x080048a9   Thumb Code    96  btod.o(CL$$btod_d2e_norm_op1)
    __btod_div_common                        0x08004909   Thumb Code   696  btod.o(CL$$btod_div_common)
    _e2e                                     0x08004c41   Thumb Code   220  btod.o(CL$$btod_e2e)
    _btod_ediv                               0x08004d1d   Thumb Code    42  btod.o(CL$$btod_ediv)
    _btod_emul                               0x08004d47   Thumb Code    42  btod.o(CL$$btod_emul)
    __btod_mult_common                       0x08004d71   Thumb Code   580  btod.o(CL$$btod_mult_common)
    __ARM_fpclassify                         0x08004fb5   Thumb Code    48  fpclassify.o(i.__ARM_fpclassify)
    _is_digit                                0x08004fe5   Thumb Code    14  __printf_wp.o(i._is_digit)
    _get_lc_numeric                          0x08004ff5   Thumb Code    44  lc_numeric_c.o(locale$$code)
    __aeabi_d2f                              0x08005021   Thumb Code     0  d2f.o(x$fpl$d2f)
    _d2f                                     0x08005021   Thumb Code    98  d2f.o(x$fpl$d2f)
    __aeabi_dadd                             0x08005085   Thumb Code     0  daddsub_clz.o(x$fpl$dadd)
    _dadd                                    0x08005085   Thumb Code   332  daddsub_clz.o(x$fpl$dadd)
    __aeabi_ddiv                             0x080051d5   Thumb Code     0  ddiv.o(x$fpl$ddiv)
    _ddiv                                    0x080051d5   Thumb Code   556  ddiv.o(x$fpl$ddiv)
    __aeabi_i2d                              0x08005489   Thumb Code     0  dflt_clz.o(x$fpl$dflt)
    _dflt                                    0x08005489   Thumb Code    46  dflt_clz.o(x$fpl$dflt)
    __aeabi_dmul                             0x080054b9   Thumb Code     0  dmul.o(x$fpl$dmul)
    _dmul                                    0x080054b9   Thumb Code   332  dmul.o(x$fpl$dmul)
    __fpl_dnaninf                            0x0800560d   Thumb Code   156  dnaninf.o(x$fpl$dnaninf)
    __fpl_dretinf                            0x080056a9   Thumb Code    12  dretinf.o(x$fpl$dretinf)
    __aeabi_dsub                             0x080056b5   Thumb Code     0  daddsub_clz.o(x$fpl$dsub)
    _dsub                                    0x080056b5   Thumb Code   472  daddsub_clz.o(x$fpl$dsub)
    __aeabi_f2d                              0x08005891   Thumb Code     0  f2d.o(x$fpl$f2d)
    _f2d                                     0x08005891   Thumb Code    86  f2d.o(x$fpl$f2d)
    __fpl_fnaninf                            0x080058e7   Thumb Code   140  fnaninf.o(x$fpl$fnaninf)
    _fp_init                                 0x08005973   Thumb Code    26  fpinit.o(x$fpl$fpinit)
    __fplib_config_fpu_vfp                   0x0800598b   Thumb Code     0  fpinit.o(x$fpl$fpinit)
    __fplib_config_pureend_doubles           0x0800598b   Thumb Code     0  fpinit.o(x$fpl$fpinit)
    __fpl_fretinf                            0x0800598d   Thumb Code    10  fretinf.o(x$fpl$fretinf)
    _printf_fp_dec                           0x08005997   Thumb Code     4  printf1.o(x$fpl$printf1)
    __I$use$fp                               0x0800599a   Number         0  usenofp.o(x$fpl$usenofp)
    AHBPrescTable                            0x08005a30   Data          16  system_stm32f4xx.o(.rodata.AHBPrescTable)
    APBPrescTable                            0x08005a40   Data           8  system_stm32f4xx.o(.rodata.APBPrescTable)
    Region$$Table$$Base                      0x08005ae0   Number         0  anon$$obj.o(Region$$Table)
    Region$$Table$$Limit                     0x08005b00   Number         0  anon$$obj.o(Region$$Table)
    uwTickFreq                               0x20000000   Data           1  stm32f4xx_hal.o(.data..L_MergedGlobals)
    uwTickPrio                               0x20000004   Data           4  stm32f4xx_hal.o(.data..L_MergedGlobals)
    SystemCoreClock                          0x20000008   Data           4  system_stm32f4xx.o(.data.SystemCoreClock)
    __libspace_start                         0x20000010   Data          96  libspace.o(.bss)
    __temporary_stack_top$libspace           0x20000070   Data           0  libspace.o(.bss)
    hadc1                                    0x20000070   Data          72  main.o(.bss.hadc1)
    hi2c1                                    0x200000b8   Data          84  main.o(.bss.hi2c1)
    huart1                                   0x2000010c   Data          72  main.o(.bss.huart1)
    uwTick                                   0x20000154   Data           4  stm32f4xx_hal.o(.bss.uwTick)



==============================================================================

Memory Map of the image

  Image Entry point : 0x08000195

  Load Region LR_IROM1 (Base: 0x08000000, Size: 0x00005b30, Max: 0x00080000, ABSOLUTE)

    Execution Region ER_IROM1 (Exec base: 0x08000000, Load base: 0x08000000, Size: 0x00005b1c, Max: 0x00080000, ABSOLUTE)

    Exec Addr    Load Addr    Size         Type   Attr      Idx    E Section Name        Object

    0x08000000   0x08000000   0x00000194   Data   RO            3    RESET               startup_stm32f401xe.o
    0x08000194   0x08000194   0x00000008   Code   RO          921  * !!!main             c_w.l(__main.o)
    0x0800019c   0x0800019c   0x0000005c   Code   RO         1193    !!!scatter          c_w.l(__scatter.o)
    0x080001f8   0x080001f8   0x0000001a   Code   RO         1197    !!handler_copy      c_w.l(__scatter_copy.o)
    0x08000212   0x08000212   0x00000002   PAD
    0x08000214   0x08000214   0x00000002   Code   RO         1194    !!handler_null      c_w.l(__scatter.o)
    0x08000216   0x08000216   0x00000002   PAD
    0x08000218   0x08000218   0x0000001c   Code   RO         1199    !!handler_zi        c_w.l(__scatter_zi.o)
    0x08000234   0x08000234   0x00000000   Code   RO          914    .ARM.Collect$$_printf_percent$$00000000  c_w.l(_printf_percent.o)
    0x08000234   0x08000234   0x00000006   Code   RO          913    .ARM.Collect$$_printf_percent$$00000003  c_w.l(_printf_f.o)
    0x0800023a   0x0800023a   0x00000006   Code   RO          912    .ARM.Collect$$_printf_percent$$0000000A  c_w.l(_printf_u.o)
    0x08000240   0x08000240   0x00000006   Code   RO          911    .ARM.Collect$$_printf_percent$$00000014  c_w.l(_printf_s.o)
    0x08000246   0x08000246   0x00000004   Code   RO          964    .ARM.Collect$$_printf_percent$$00000017  c_w.l(_printf_percent_end.o)
    0x0800024a   0x0800024a   0x00000002   Code   RO         1056    .ARM.Collect$$libinit$$00000000  c_w.l(libinit.o)
    0x0800024c   0x0800024c   0x00000004   Code   RO         1057    .ARM.Collect$$libinit$$00000001  c_w.l(libinit2.o)
    0x08000250   0x08000250   0x00000000   Code   RO         1060    .ARM.Collect$$libinit$$00000004  c_w.l(libinit2.o)
    0x08000250   0x08000250   0x00000000   Code   RO         1062    .ARM.Collect$$libinit$$00000006  c_w.l(libinit2.o)
    0x08000250   0x08000250   0x00000000   Code   RO         1065    .ARM.Collect$$libinit$$0000000C  c_w.l(libinit2.o)
    0x08000250   0x08000250   0x00000000   Code   RO         1067    .ARM.Collect$$libinit$$0000000E  c_w.l(libinit2.o)
    0x08000250   0x08000250   0x00000000   Code   RO         1069    .ARM.Collect$$libinit$$00000010  c_w.l(libinit2.o)
    0x08000250   0x08000250   0x00000006   Code   RO         1070    .ARM.Collect$$libinit$$00000011  c_w.l(libinit2.o)
    0x08000256   0x08000256   0x00000000   Code   RO         1072    .ARM.Collect$$libinit$$00000013  c_w.l(libinit2.o)
    0x08000256   0x08000256   0x00000000   Code   RO         1074    .ARM.Collect$$libinit$$00000015  c_w.l(libinit2.o)
    0x08000256   0x08000256   0x00000000   Code   RO         1076    .ARM.Collect$$libinit$$00000017  c_w.l(libinit2.o)
    0x08000256   0x08000256   0x0000000a   Code   RO         1077    .ARM.Collect$$libinit$$00000018  c_w.l(libinit2.o)
    0x08000260   0x08000260   0x00000000   Code   RO         1078    .ARM.Collect$$libinit$$00000019  c_w.l(libinit2.o)
    0x08000260   0x08000260   0x00000000   Code   RO         1080    .ARM.Collect$$libinit$$0000001B  c_w.l(libinit2.o)
    0x08000260   0x08000260   0x00000000   Code   RO         1082    .ARM.Collect$$libinit$$0000001D  c_w.l(libinit2.o)
    0x08000260   0x08000260   0x00000000   Code   RO         1084    .ARM.Collect$$libinit$$0000001F  c_w.l(libinit2.o)
    0x08000260   0x08000260   0x00000000   Code   RO         1086    .ARM.Collect$$libinit$$00000021  c_w.l(libinit2.o)
    0x08000260   0x08000260   0x00000000   Code   RO         1088    .ARM.Collect$$libinit$$00000023  c_w.l(libinit2.o)
    0x08000260   0x08000260   0x00000000   Code   RO         1090    .ARM.Collect$$libinit$$00000025  c_w.l(libinit2.o)
    0x08000260   0x08000260   0x00000000   Code   RO         1092    .ARM.Collect$$libinit$$00000027  c_w.l(libinit2.o)
    0x08000260   0x08000260   0x00000000   Code   RO         1096    .ARM.Collect$$libinit$$0000002E  c_w.l(libinit2.o)
    0x08000260   0x08000260   0x00000000   Code   RO         1098    .ARM.Collect$$libinit$$00000030  c_w.l(libinit2.o)
    0x08000260   0x08000260   0x00000000   Code   RO         1100    .ARM.Collect$$libinit$$00000032  c_w.l(libinit2.o)
    0x08000260   0x08000260   0x00000000   Code   RO         1102    .ARM.Collect$$libinit$$00000034  c_w.l(libinit2.o)
    0x08000260   0x08000260   0x00000002   Code   RO         1103    .ARM.Collect$$libinit$$00000035  c_w.l(libinit2.o)
    0x08000262   0x08000262   0x00000002   Code   RO         1158    .ARM.Collect$$libshutdown$$00000000  c_w.l(libshutdown.o)
    0x08000264   0x08000264   0x00000000   Code   RO         1176    .ARM.Collect$$libshutdown$$00000002  c_w.l(libshutdown2.o)
    0x08000264   0x08000264   0x00000000   Code   RO         1178    .ARM.Collect$$libshutdown$$00000004  c_w.l(libshutdown2.o)
    0x08000264   0x08000264   0x00000000   Code   RO         1181    .ARM.Collect$$libshutdown$$00000007  c_w.l(libshutdown2.o)
    0x08000264   0x08000264   0x00000000   Code   RO         1184    .ARM.Collect$$libshutdown$$0000000A  c_w.l(libshutdown2.o)
    0x08000264   0x08000264   0x00000000   Code   RO         1186    .ARM.Collect$$libshutdown$$0000000C  c_w.l(libshutdown2.o)
    0x08000264   0x08000264   0x00000000   Code   RO         1189    .ARM.Collect$$libshutdown$$0000000F  c_w.l(libshutdown2.o)
    0x08000264   0x08000264   0x00000002   Code   RO         1190    .ARM.Collect$$libshutdown$$00000010  c_w.l(libshutdown2.o)
    0x08000266   0x08000266   0x00000000   Code   RO          947    .ARM.Collect$$rtentry$$00000000  c_w.l(__rtentry.o)
    0x08000266   0x08000266   0x00000000   Code   RO          975    .ARM.Collect$$rtentry$$00000002  c_w.l(__rtentry2.o)
    0x08000266   0x08000266   0x00000006   Code   RO          987    .ARM.Collect$$rtentry$$00000004  c_w.l(__rtentry4.o)
    0x0800026c   0x0800026c   0x00000000   Code   RO          977    .ARM.Collect$$rtentry$$00000009  c_w.l(__rtentry2.o)
    0x0800026c   0x0800026c   0x00000004   Code   RO          978    .ARM.Collect$$rtentry$$0000000A  c_w.l(__rtentry2.o)
    0x08000270   0x08000270   0x00000000   Code   RO          980    .ARM.Collect$$rtentry$$0000000C  c_w.l(__rtentry2.o)
    0x08000270   0x08000270   0x00000008   Code   RO          981    .ARM.Collect$$rtentry$$0000000D  c_w.l(__rtentry2.o)
    0x08000278   0x08000278   0x00000002   Code   RO         1104    .ARM.Collect$$rtexit$$00000000  c_w.l(rtexit.o)
    0x0800027a   0x0800027a   0x00000000   Code   RO         1123    .ARM.Collect$$rtexit$$00000002  c_w.l(rtexit2.o)
    0x0800027a   0x0800027a   0x00000004   Code   RO         1124    .ARM.Collect$$rtexit$$00000003  c_w.l(rtexit2.o)
    0x0800027e   0x0800027e   0x00000006   Code   RO         1125    .ARM.Collect$$rtexit$$00000004  c_w.l(rtexit2.o)
    0x08000284   0x08000284   0x00000040   Code   RO            4    .text               startup_stm32f401xe.o
    0x080002c4   0x080002c4   0x000000f0   Code   RO          879    .text               c_w.l(lludivv7m.o)
    0x080003b4   0x080003b4   0x00000040   Code   RO          883    .text               c_w.l(noretval__2snprintf.o)
    0x080003f4   0x080003f4   0x00000052   Code   RO          887    .text               c_w.l(_printf_str.o)
    0x08000446   0x08000446   0x00000002   PAD
    0x08000448   0x08000448   0x00000078   Code   RO          889    .text               c_w.l(_printf_dec.o)
    0x080004c0   0x080004c0   0x0000010e   Code   RO          899    .text               c_w.l(__printf_wp.o)
    0x080005ce   0x080005ce   0x0000003e   Code   RO          915    .text               c_w.l(strlen.o)
    0x0800060c   0x0800060c   0x0000004e   Code   RO          917    .text               c_w.l(rt_memclr_w.o)
    0x0800065a   0x0800065a   0x00000006   Code   RO          919    .text               c_w.l(heapauxi.o)
    0x08000660   0x08000660   0x000000b2   Code   RO          952    .text               c_w.l(_printf_intcommon.o)
    0x08000712   0x08000712   0x0000041c   Code   RO          954    .text               c_w.l(_printf_fp_dec.o)
    0x08000b2e   0x08000b2e   0x00000002   PAD
    0x08000b30   0x08000b30   0x00000030   Code   RO          958    .text               c_w.l(_printf_char_common.o)
    0x08000b60   0x08000b60   0x00000010   Code   RO          960    .text               c_w.l(_snputc.o)
    0x08000b70   0x08000b70   0x0000002c   Code   RO          962    .text               c_w.l(_printf_char.o)
    0x08000b9c   0x08000b9c   0x00000008   Code   RO          994    .text               c_w.l(rt_locale_intlibspace.o)
    0x08000ba4   0x08000ba4   0x0000008a   Code   RO          996    .text               c_w.l(lludiv10.o)
    0x08000c2e   0x08000c2e   0x00000002   PAD
    0x08000c30   0x08000c30   0x00000080   Code   RO          998    .text               c_w.l(_printf_fp_infnan.o)
    0x08000cb0   0x08000cb0   0x000000e4   Code   RO         1002    .text               c_w.l(bigflt0.o)
    0x08000d94   0x08000d94   0x00000008   Code   RO         1036    .text               c_w.l(libspace.o)
    0x08000d9c   0x08000d9c   0x0000004a   Code   RO         1039    .text               c_w.l(sys_stackheap_outer.o)
    0x08000de6   0x08000de6   0x00000012   Code   RO         1043    .text               c_w.l(exit.o)
    0x08000df8   0x08000df8   0x0000007c   Code   RO         1049    .text               c_w.l(strcmpv7em.o)
    0x08000e74   0x08000e74   0x0000000c   Code   RO         1118    .text               c_w.l(sys_exit.o)
    0x08000e80   0x08000e80   0x00000002   Code   RO         1145    .text               c_w.l(use_no_semi.o)
    0x08000e82   0x08000e82   0x00000000   Code   RO         1147    .text               c_w.l(indicate_semi.o)
    0x08000e82   0x08000e82   0x00000002   PAD
    0x08000e84   0x08000e84   0x00000002   Code   RO           44    .text.BusFault_Handler  stm32f4xx_it.o
    0x08000e86   0x08000e86   0x00000002   PAD
    0x08000e88   0x08000e88   0x00000002   Code   RO           50    .text.DebugMon_Handler  stm32f4xx_it.o
    0x08000e8a   0x08000e8a   0x00000002   PAD
    0x08000e8c   0x08000e8c   0x00000146   Code   RO          133    .text.HAL_ADC_ConfigChannel  stm32f4xx_hal_adc.o
    0x08000fd2   0x08000fd2   0x00000002   PAD
    0x08000fd4   0x08000fd4   0x00000006   Code   RO          129    .text.HAL_ADC_GetValue  stm32f4xx_hal_adc.o
    0x08000fda   0x08000fda   0x00000002   PAD
    0x08000fdc   0x08000fdc   0x0000015e   Code   RO           91    .text.HAL_ADC_Init  stm32f4xx_hal_adc.o
    0x0800113a   0x0800113a   0x00000002   PAD
    0x0800113c   0x0800113c   0x00000064   Code   RO           71    .text.HAL_ADC_MspInit  stm32f4xx_hal_msp.o
    0x080011a0   0x080011a0   0x000000fe   Code   RO          103    .text.HAL_ADC_PollForConversion  stm32f4xx_hal_adc.o
    0x0800129e   0x0800129e   0x00000002   PAD
    0x080012a0   0x080012a0   0x0000010e   Code   RO           99    .text.HAL_ADC_Start  stm32f4xx_hal_adc.o
    0x080013ae   0x080013ae   0x00000002   PAD
    0x080013b0   0x080013b0   0x00000032   Code   RO          101    .text.HAL_ADC_Stop  stm32f4xx_hal_adc.o
    0x080013e2   0x080013e2   0x00000002   PAD
    0x080013e4   0x080013e4   0x0000008e   Code   RO          352    .text.HAL_DMA_Abort  stm32f4xx_hal_dma.o
    0x08001472   0x08001472   0x00000002   PAD
    0x08001474   0x08001474   0x00000024   Code   RO          354    .text.HAL_DMA_Abort_IT  stm32f4xx_hal_dma.o
    0x08001498   0x08001498   0x00000006   Code   RO          364    .text.HAL_DMA_GetState  stm32f4xx_hal_dma.o
    0x0800149e   0x0800149e   0x00000002   PAD
    0x080014a0   0x080014a0   0x00000028   Code   RO          519    .text.HAL_Delay     stm32f4xx_hal.o
    0x080014c8   0x080014c8   0x0000019e   Code   RO          306    .text.HAL_GPIO_Init  stm32f4xx_hal_gpio.o
    0x08001666   0x08001666   0x00000002   PAD
    0x08001668   0x08001668   0x0000000a   Code   RO          312    .text.HAL_GPIO_WritePin  stm32f4xx_hal_gpio.o
    0x08001672   0x08001672   0x00000002   PAD
    0x08001674   0x08001674   0x0000000c   Code   RO          511    .text.HAL_GetTick   stm32f4xx_hal.o
    0x08001680   0x08001680   0x00000002   Code   RO          709    .text.HAL_I2C_AbortCpltCallback  stm32f4xx_hal_i2c.o
    0x08001682   0x08001682   0x00000002   PAD
    0x08001684   0x08001684   0x00000002   Code   RO          699    .text.HAL_I2C_AddrCallback  stm32f4xx_hal_i2c.o
    0x08001686   0x08001686   0x00000002   PAD
    0x08001688   0x08001688   0x00000150   Code   RO          689    .text.HAL_I2C_ER_IRQHandler  stm32f4xx_hal_i2c.o
    0x080017d8   0x080017d8   0x000005ec   Code   RO          677    .text.HAL_I2C_EV_IRQHandler  stm32f4xx_hal_i2c.o
    0x08001dc4   0x08001dc4   0x00000002   Code   RO          707    .text.HAL_I2C_ErrorCallback  stm32f4xx_hal_i2c.o
    0x08001dc6   0x08001dc6   0x00000002   PAD
    0x08001dc8   0x08001dc8   0x00000164   Code   RO          589    .text.HAL_I2C_Init  stm32f4xx_hal_i2c.o
    0x08001f2c   0x08001f2c   0x00000002   Code   RO          701    .text.HAL_I2C_ListenCpltCallback  stm32f4xx_hal_i2c.o
    0x08001f2e   0x08001f2e   0x00000002   PAD
    0x08001f30   0x08001f30   0x00000002   Code   RO          693    .text.HAL_I2C_MasterRxCpltCallback  stm32f4xx_hal_i2c.o
    0x08001f32   0x08001f32   0x00000002   PAD
    0x08001f34   0x08001f34   0x00000002   Code   RO          691    .text.HAL_I2C_MasterTxCpltCallback  stm32f4xx_hal_i2c.o
    0x08001f36   0x08001f36   0x00000002   PAD
    0x08001f38   0x08001f38   0x000001dc   Code   RO          597    .text.HAL_I2C_Master_Transmit  stm32f4xx_hal_i2c.o
    0x08002114   0x08002114   0x00000002   Code   RO          705    .text.HAL_I2C_MemRxCpltCallback  stm32f4xx_hal_i2c.o
    0x08002116   0x08002116   0x00000002   PAD
    0x08002118   0x08002118   0x00000002   Code   RO          703    .text.HAL_I2C_MemTxCpltCallback  stm32f4xx_hal_i2c.o
    0x0800211a   0x0800211a   0x00000002   PAD
    0x0800211c   0x0800211c   0x00000258   Code   RO          637    .text.HAL_I2C_Mem_Read  stm32f4xx_hal_i2c.o
    0x08002374   0x08002374   0x0000008c   Code   RO           75    .text.HAL_I2C_MspInit  stm32f4xx_hal_msp.o
    0x08002400   0x08002400   0x00000002   Code   RO          697    .text.HAL_I2C_SlaveRxCpltCallback  stm32f4xx_hal_i2c.o
    0x08002402   0x08002402   0x00000002   PAD
    0x08002404   0x08002404   0x00000002   Code   RO          695    .text.HAL_I2C_SlaveTxCpltCallback  stm32f4xx_hal_i2c.o
    0x08002406   0x08002406   0x00000002   PAD
    0x08002408   0x08002408   0x0000001a   Code   RO          509    .text.HAL_IncTick   stm32f4xx_hal.o
    0x08002422   0x08002422   0x00000002   PAD
    0x08002424   0x08002424   0x00000036   Code   RO          499    .text.HAL_Init      stm32f4xx_hal.o
    0x0800245a   0x0800245a   0x00000002   PAD
    0x0800245c   0x0800245c   0x00000048   Code   RO          501    .text.HAL_InitTick  stm32f4xx_hal.o
    0x080024a4   0x080024a4   0x00000038   Code   RO           69    .text.HAL_MspInit   stm32f4xx_hal_msp.o
    0x080024dc   0x080024dc   0x00000022   Code   RO          451    .text.HAL_NVIC_EnableIRQ  stm32f4xx_hal_cortex.o
    0x080024fe   0x080024fe   0x00000002   PAD
    0x08002500   0x08002500   0x00000056   Code   RO          449    .text.HAL_NVIC_SetPriority  stm32f4xx_hal_cortex.o
    0x08002556   0x08002556   0x00000002   PAD
    0x08002558   0x08002558   0x00000020   Code   RO          447    .text.HAL_NVIC_SetPriorityGrouping  stm32f4xx_hal_cortex.o
    0x08002578   0x08002578   0x00000164   Code   RO          192    .text.HAL_RCC_ClockConfig  stm32f4xx_hal_rcc.o
    0x080026dc   0x080026dc   0x00000026   Code   RO          204    .text.HAL_RCC_GetPCLK1Freq  stm32f4xx_hal_rcc.o
    0x08002702   0x08002702   0x00000002   PAD
    0x08002704   0x08002704   0x00000026   Code   RO          206    .text.HAL_RCC_GetPCLK2Freq  stm32f4xx_hal_rcc.o
    0x0800272a   0x0800272a   0x00000002   PAD
    0x0800272c   0x0800272c   0x0000006a   Code   RO          194    .text.HAL_RCC_GetSysClockFreq  stm32f4xx_hal_rcc.o
    0x08002796   0x08002796   0x00000002   PAD
    0x08002798   0x08002798   0x000003b0   Code   RO          190    .text.HAL_RCC_OscConfig  stm32f4xx_hal_rcc.o
    0x08002b48   0x08002b48   0x0000002c   Code   RO          459    .text.HAL_SYSTICK_Config  stm32f4xx_hal_cortex.o
    0x08002b74   0x08002b74   0x00000002   Code   RO          827    .text.HAL_UARTEx_RxEventCallback  stm32f4xx_hal_uart.o
    0x08002b76   0x08002b76   0x00000002   PAD
    0x08002b78   0x08002b78   0x00000002   Code   RO          825    .text.HAL_UART_ErrorCallback  stm32f4xx_hal_uart.o
    0x08002b7a   0x08002b7a   0x00000002   PAD
    0x08002b7c   0x08002b7c   0x00000570   Code   RO          819    .text.HAL_UART_IRQHandler  stm32f4xx_hal_uart.o
    0x080030ec   0x080030ec   0x00000060   Code   RO          741    .text.HAL_UART_Init  stm32f4xx_hal_uart.o
    0x0800314c   0x0800314c   0x0000007c   Code   RO           79    .text.HAL_UART_MspInit  stm32f4xx_hal_msp.o
    0x080031c8   0x080031c8   0x00000002   Code   RO          833    .text.HAL_UART_RxCpltCallback  stm32f4xx_hal_uart.o
    0x080031ca   0x080031ca   0x00000002   PAD
    0x080031cc   0x080031cc   0x00000178   Code   RO          757    .text.HAL_UART_Transmit  stm32f4xx_hal_uart.o
    0x08003344   0x08003344   0x00000002   Code   RO          829    .text.HAL_UART_TxCpltCallback  stm32f4xx_hal_uart.o
    0x08003346   0x08003346   0x00000002   PAD
    0x08003348   0x08003348   0x00000002   Code   RO           40    .text.HardFault_Handler  stm32f4xx_it.o
    0x0800334a   0x0800334a   0x00000002   PAD
    0x0800334c   0x0800334c   0x0000000c   Code   RO           58    .text.I2C1_ER_IRQHandler  stm32f4xx_it.o
    0x08003358   0x08003358   0x0000000c   Code   RO           56    .text.I2C1_EV_IRQHandler  stm32f4xx_it.o
    0x08003364   0x08003364   0x00000122   Code   RO          663    .text.I2C_DMAAbort  stm32f4xx_hal_i2c.o
    0x08003486   0x08003486   0x00000002   PAD
    0x08003488   0x08003488   0x0000018c   Code   RO          675    .text.I2C_ITError   stm32f4xx_hal_i2c.o
    0x08003614   0x08003614   0x000000f8   Code   RO          687    .text.I2C_MasterReceive_BTF  stm32f4xx_hal_i2c.o
    0x0800370c   0x0800370c   0x00000146   Code   RO          685    .text.I2C_MasterReceive_RXNE  stm32f4xx_hal_i2c.o
    0x08003852   0x08003852   0x00000002   PAD
    0x08003854   0x08003854   0x00000082   Code   RO          681    .text.I2C_MasterTransmit_BTF  stm32f4xx_hal_i2c.o
    0x080038d6   0x080038d6   0x00000002   PAD
    0x080038d8   0x080038d8   0x000000b2   Code   RO          679    .text.I2C_MasterTransmit_TXE  stm32f4xx_hal_i2c.o
    0x0800398a   0x0800398a   0x00000002   PAD
    0x0800398c   0x0800398c   0x000000be   Code   RO          683    .text.I2C_MemoryTransmit_TXE_BTF  stm32f4xx_hal_i2c.o
    0x08003a4a   0x08003a4a   0x00000002   PAD
    0x08003a4c   0x08003a4c   0x00000112   Code   RO          639    .text.I2C_RequestMemoryRead  stm32f4xx_hal_i2c.o
    0x08003b5e   0x08003b5e   0x00000002   PAD
    0x08003b60   0x08003b60   0x000000ba   Code   RO          603    .text.I2C_WaitOnBTFFlagUntilTimeout  stm32f4xx_hal_i2c.o
    0x08003c1a   0x08003c1a   0x00000002   PAD
    0x08003c1c   0x08003c1c   0x000001ca   Code   RO          599    .text.I2C_WaitOnFlagUntilTimeout  stm32f4xx_hal_i2c.o
    0x08003de6   0x08003de6   0x00000002   PAD
    0x08003de8   0x08003de8   0x000000d6   Code   RO          717    .text.I2C_WaitOnMasterAddressFlagUntilTimeout  stm32f4xx_hal_i2c.o
    0x08003ebe   0x08003ebe   0x00000002   PAD
    0x08003ec0   0x08003ec0   0x00000090   Code   RO          607    .text.I2C_WaitOnRXNEFlagUntilTimeout  stm32f4xx_hal_i2c.o
    0x08003f50   0x08003f50   0x000000ba   Code   RO          601    .text.I2C_WaitOnTXEFlagUntilTimeout  stm32f4xx_hal_i2c.o
    0x0800400a   0x0800400a   0x00000002   PAD
    0x0800400c   0x0800400c   0x00000002   Code   RO           42    .text.MemManage_Handler  stm32f4xx_it.o
    0x0800400e   0x0800400e   0x00000002   PAD
    0x08004010   0x08004010   0x00000002   Code   RO           38    .text.NMI_Handler   stm32f4xx_it.o
    0x08004012   0x08004012   0x00000002   PAD
    0x08004014   0x08004014   0x00000002   Code   RO           52    .text.PendSV_Handler  stm32f4xx_it.o
    0x08004016   0x08004016   0x00000002   PAD
    0x08004018   0x08004018   0x00000002   Code   RO           48    .text.SVC_Handler   stm32f4xx_it.o
    0x0800401a   0x0800401a   0x00000002   PAD
    0x0800401c   0x0800401c   0x00000004   Code   RO           54    .text.SysTick_Handler  stm32f4xx_it.o
    0x08004020   0x08004020   0x00000012   Code   RO          863    .text.SystemInit    system_stm32f4xx.o
    0x08004032   0x08004032   0x00000002   PAD
    0x08004034   0x08004034   0x0000000c   Code   RO          823    .text.UART_DMAAbortOnError  stm32f4xx_hal_uart.o
    0x08004040   0x08004040   0x000000fe   Code   RO          821    .text.UART_Receive_IT  stm32f4xx_hal_uart.o
    0x0800413e   0x0800413e   0x00000002   PAD
    0x08004140   0x08004140   0x000000ee   Code   RO          745    .text.UART_SetConfig  stm32f4xx_hal_uart.o
    0x0800422e   0x0800422e   0x00000002   PAD
    0x08004230   0x08004230   0x0000000c   Code   RO           60    .text.USART1_IRQHandler  stm32f4xx_it.o
    0x0800423c   0x0800423c   0x00000002   Code   RO           46    .text.UsageFault_Handler  stm32f4xx_it.o
    0x0800423e   0x0800423e   0x00000002   PAD
    0x08004240   0x08004240   0x000005e4   Code   RO           11    .text.main          main.o
    0x08004824   0x08004824   0x0000003e   Code   RO         1005    CL$$btod_d2e        c_w.l(btod.o)
    0x08004862   0x08004862   0x00000046   Code   RO         1007    CL$$btod_d2e_denorm_low  c_w.l(btod.o)
    0x080048a8   0x080048a8   0x00000060   Code   RO         1006    CL$$btod_d2e_norm_op1  c_w.l(btod.o)
    0x08004908   0x08004908   0x00000338   Code   RO         1015    CL$$btod_div_common  c_w.l(btod.o)
    0x08004c40   0x08004c40   0x000000dc   Code   RO         1012    CL$$btod_e2e        c_w.l(btod.o)
    0x08004d1c   0x08004d1c   0x0000002a   Code   RO         1009    CL$$btod_ediv       c_w.l(btod.o)
    0x08004d46   0x08004d46   0x0000002a   Code   RO         1008    CL$$btod_emul       c_w.l(btod.o)
    0x08004d70   0x08004d70   0x00000244   Code   RO         1014    CL$$btod_mult_common  c_w.l(btod.o)
    0x08004fb4   0x08004fb4   0x00000030   Code   RO         1034    i.__ARM_fpclassify  m_wm.l(fpclassify.o)
    0x08004fe4   0x08004fe4   0x0000000e   Code   RO          901    i._is_digit         c_w.l(__printf_wp.o)
    0x08004ff2   0x08004ff2   0x00000002   PAD
    0x08004ff4   0x08004ff4   0x0000002c   Code   RO         1030    locale$$code        c_w.l(lc_numeric_c.o)
    0x08005020   0x08005020   0x00000062   Code   RO          923    x$fpl$d2f           fz_wm.l(d2f.o)
    0x08005082   0x08005082   0x00000002   PAD
    0x08005084   0x08005084   0x00000150   Code   RO          925    x$fpl$dadd          fz_wm.l(daddsub_clz.o)
    0x080051d4   0x080051d4   0x000002b4   Code   RO          932    x$fpl$ddiv          fz_wm.l(ddiv.o)
    0x08005488   0x08005488   0x0000002e   Code   RO          936    x$fpl$dflt          fz_wm.l(dflt_clz.o)
    0x080054b6   0x080054b6   0x00000002   PAD
    0x080054b8   0x080054b8   0x00000154   Code   RO          941    x$fpl$dmul          fz_wm.l(dmul.o)
    0x0800560c   0x0800560c   0x0000009c   Code   RO          965    x$fpl$dnaninf       fz_wm.l(dnaninf.o)
    0x080056a8   0x080056a8   0x0000000c   Code   RO          967    x$fpl$dretinf       fz_wm.l(dretinf.o)
    0x080056b4   0x080056b4   0x000001dc   Code   RO          927    x$fpl$dsub          fz_wm.l(daddsub_clz.o)
    0x08005890   0x08005890   0x00000056   Code   RO          943    x$fpl$f2d           fz_wm.l(f2d.o)
    0x080058e6   0x080058e6   0x0000008c   Code   RO          969    x$fpl$fnaninf       fz_wm.l(fnaninf.o)
    0x08005972   0x08005972   0x0000001a   Code   RO         1116    x$fpl$fpinit        fz_wm.l(fpinit.o)
    0x0800598c   0x0800598c   0x0000000a   Code   RO          971    x$fpl$fretinf       fz_wm.l(fretinf.o)
    0x08005996   0x08005996   0x00000004   Code   RO          945    x$fpl$printf1       fz_wm.l(printf1.o)
    0x0800599a   0x0800599a   0x00000000   Code   RO          973    x$fpl$usenofp       fz_wm.l(usenofp.o)
    0x0800599a   0x0800599a   0x00000002   PAD
    0x0800599c   0x0800599c   0x00000094   Data   RO         1003    .constdata          c_w.l(bigflt0.o)
    0x08005a30   0x08005a30   0x00000010   Data   RO          868    .rodata.AHBPrescTable  system_stm32f4xx.o
    0x08005a40   0x08005a40   0x00000008   Data   RO          869    .rodata.APBPrescTable  system_stm32f4xx.o
    0x08005a48   0x08005a48   0x00000097   Data   RO           26    .rodata.str1.1      main.o
    0x08005adf   0x08005adf   0x00000001   PAD
    0x08005ae0   0x08005ae0   0x00000020   Data   RO         1192    Region$$Table       anon$$obj.o
    0x08005b00   0x08005b00   0x0000001c   Data   RO         1029    locale$$data        c_w.l(lc_numeric_c.o)


    Execution Region RW_IRAM1 (Exec base: 0x20000000, Load base: 0x08005b20, Size: 0x00000758, Max: 0x00018000, ABSOLUTE)

    Exec Addr    Load Addr    Size         Type   Attr      Idx    E Section Name        Object

    0x20000000   0x08005b20   0x00000008   Data   RW          554    .data..L_MergedGlobals  stm32f4xx_hal.o
    0x20000008   0x08005b28   0x00000004   Data   RW          867    .data.SystemCoreClock  system_stm32f4xx.o
    0x2000000c   0x08005b2c   0x00000004   PAD
    0x20000010        -       0x00000060   Zero   RW         1037    .bss                c_w.l(libspace.o)
    0x20000070        -       0x00000048   Zero   RW           28    .bss.hadc1          main.o
    0x200000b8        -       0x00000054   Zero   RW           25    .bss.hi2c1          main.o
    0x2000010c        -       0x00000048   Zero   RW           27    .bss.huart1         main.o
    0x20000154        -       0x00000004   Zero   RW          553    .bss.uwTick         stm32f4xx_hal.o
    0x20000158        -       0x00000200   Zero   RW            2    HEAP                startup_stm32f401xe.o
    0x20000358        -       0x00000400   Zero   RW            1    STACK               startup_stm32f401xe.o


==============================================================================

Image component sizes


      Code (inc. data)   RO Data    RW Data    ZI Data      Debug   Object Name

      1508         52        151          0        228      14959   main.o
        64         26        404          0       1536        816   startup_stm32f401xe.o
       204          0          0          8          4       6828   stm32f4xx_hal.o
      1256          0          0          0          0      12028   stm32f4xx_hal_adc.o
       196          0          0          0          0      10212   stm32f4xx_hal_cortex.o
       184          0          0          0          0      10654   stm32f4xx_hal_dma.o
       424          0          0          0          0       5346   stm32f4xx_hal_gpio.o
      6524         16          0          0          0      43843   stm32f4xx_hal_i2c.o
       420          0          0          0          0      10122   stm32f4xx_hal_msp.o
      1482          0          0          0          0       7400   stm32f4xx_hal_rcc.o
      2376          0          0          0          0      32061   stm32f4xx_hal_uart.o
        56          0          0          0          0       5541   stm32f4xx_it.o
        18          0         24          4          0       2670   system_stm32f4xx.o

    ----------------------------------------------------------------------
     14816         94        612         12       1772     162480   Object Totals
         0          0         32          0          0          0   (incl. Generated)
       104          0          1          0          4          0   (incl. Padding)

    ----------------------------------------------------------------------

      Code (inc. data)   RO Data    RW Data    ZI Data      Debug   Library Member Name

         8          0          0          0          0         68   __main.o
       284          0          0          0          0        156   __printf_wp.o
         0          0          0          0          0          0   __rtentry.o
        12          0          0          0          0          0   __rtentry2.o
         6          0          0          0          0          0   __rtentry4.o
        94          8          0          0          0          0   __scatter.o
        26          0          0          0          0          0   __scatter_copy.o
        28          0          0          0          0          0   __scatter_zi.o
        44          0          0          0          0        108   _printf_char.o
        48          6          0          0          0         96   _printf_char_common.o
       120         16          0          0          0         92   _printf_dec.o
         6          0          0          0          0          0   _printf_f.o
      1052          0          0          0          0        148   _printf_fp_dec.o
       128         16          0          0          0         84   _printf_fp_infnan.o
       178          0          0          0          0         88   _printf_intcommon.o
         0          0          0          0          0          0   _printf_percent.o
         4          0          0          0          0          0   _printf_percent_end.o
         6          0          0          0          0          0   _printf_s.o
        82          0          0          0          0         80   _printf_str.o
         6          0          0          0          0          0   _printf_u.o
        16          0          0          0          0         68   _snputc.o
       228          4        148          0          0         96   bigflt0.o
      1936        128          0          0          0        668   btod.o
        18          0          0          0          0         80   exit.o
         6          0          0          0          0        152   heapauxi.o
         0          0          0          0          0          0   indicate_semi.o
        44         10         28          0          0         76   lc_numeric_c.o
         2          0          0          0          0          0   libinit.o
        22          0          0          0          0          0   libinit2.o
         2          0          0          0          0          0   libshutdown.o
         2          0          0          0          0          0   libshutdown2.o
         8          4          0          0         96         68   libspace.o
       138          0          0          0          0         80   lludiv10.o
       240          0          0          0          0        100   lludivv7m.o
        64          6          0          0          0         84   noretval__2snprintf.o
         8          4          0          0          0         68   rt_locale_intlibspace.o
        78          0          0          0          0         80   rt_memclr_w.o
         2          0          0          0          0          0   rtexit.o
        10          0          0          0          0          0   rtexit2.o
       124          0          0          0          0         88   strcmpv7em.o
        62          0          0          0          0         76   strlen.o
        12          4          0          0          0         68   sys_exit.o
        74          0          0          0          0         80   sys_stackheap_outer.o
         2          0          0          0          0         68   use_no_semi.o
        98          4          0          0          0        140   d2f.o
       812         16          0          0          0        392   daddsub_clz.o
       692        140          0          0          0        264   ddiv.o
        46          0          0          0          0        116   dflt_clz.o
       340         12          0          0          0        152   dmul.o
       156          4          0          0          0        140   dnaninf.o
        12          0          0          0          0        116   dretinf.o
        86          4          0          0          0        132   f2d.o
       140          4          0          0          0        132   fnaninf.o
        26          0          0          0          0        116   fpinit.o
        10          0          0          0          0        116   fretinf.o
         4          0          0          0          0        116   printf1.o
         0          0          0          0          0          0   usenofp.o
        48          0          0          0          0        124   fpclassify.o

    ----------------------------------------------------------------------
      7720        390        176          0         96       4976   Library Totals
        20          0          0          0          0          0   (incl. Padding)

    ----------------------------------------------------------------------

      Code (inc. data)   RO Data    RW Data    ZI Data      Debug   Library Name

      5230        206        176          0         96       2920   c_w.l
      2422        184          0          0          0       1932   fz_wm.l
        48          0          0          0          0        124   m_wm.l

    ----------------------------------------------------------------------
      7720        390        176          0         96       4976   Library Totals

    ----------------------------------------------------------------------

==============================================================================


      Code (inc. data)   RO Data    RW Data    ZI Data      Debug   

     22536        484        788         12       1868     164544   Grand Totals
     22536        484        788         12       1868     164544   ELF Image Totals
     22536        484        788         12          0          0   ROM Totals

==============================================================================

    Total RO  Size (Code + RO Data)                23324 (  22.78kB)
    Total RW  Size (RW Data + ZI Data)              1880 (   1.84kB)
    Total ROM Size (Code + RO Data + RW Data)      23336 (  22.79kB)

==============================================================================

